Archive member included to satisfy reference by file (symbol)

stm32f10x_lib/libstm32.a(stm32f10x_adc.o)
                              CM530_HW/src/system_init.o (ADC_Init)
stm32f10x_lib/libstm32.a(stm32f10x_flash.o)
                              CM530_HW/src/system_init.o (FLASH_SetLatency)
stm32f10x_lib/libstm32.a(stm32f10x_gpio.o)
                              CM530_HW/src/system_init.o (GPIO_Init)
stm32f10x_lib/libstm32.a(stm32f10x_nvic.o)
                              CM530_HW/src/system_init.o (NVIC_PriorityGroupConfig)
stm32f10x_lib/libstm32.a(stm32f10x_pwr.o)
                              CM530_HW/src/system_init.o (PWR_BackupAccessCmd)
stm32f10x_lib/libstm32.a(stm32f10x_rcc.o)
                              CM530_HW/src/system_init.o (RCC_DeInit)
stm32f10x_lib/libstm32.a(stm32f10x_systick.o)
                              CM530_HW/src/system_init.o (SysTick_SetReload)
stm32f10x_lib/libstm32.a(stm32f10x_tim.o)
                              CM530_HW/src/system_init.o (TIM_DeInit)
stm32f10x_lib/libstm32.a(stm32f10x_usart.o)
                              CM530_HW/src/usart.o (USART_DeInit)
stm32f10x_lib/libstm32.a(cortexm3_macro.o)
                              stm32f10x_lib/libstm32.a(stm32f10x_pwr.o) (__WFI)
stm32f10x_lib/libstm32.a(stm32f10x_vector.o)
                              (Reset_Handler)
c:/program files (x86)/gnu tools arm embedded/5.2 2015q4/bin/../lib/gcc/arm-none-eabi/5.2.1/../../../../arm-none-eabi/lib\libc.a(lib_a-exit.o)
                              c:/program files (x86)/gnu tools arm embedded/5.2 2015q4/bin/../lib/gcc/arm-none-eabi/5.2.1/../../../../arm-none-eabi/lib/crt0.o (exit)
c:/program files (x86)/gnu tools arm embedded/5.2 2015q4/bin/../lib/gcc/arm-none-eabi/5.2.1/../../../../arm-none-eabi/lib\libc.a(lib_a-impure.o)
                              c:/program files (x86)/gnu tools arm embedded/5.2 2015q4/bin/../lib/gcc/arm-none-eabi/5.2.1/../../../../arm-none-eabi/lib\libc.a(lib_a-exit.o) (_global_impure_ptr)
c:/program files (x86)/gnu tools arm embedded/5.2 2015q4/bin/../lib/gcc/arm-none-eabi/5.2.1/../../../../arm-none-eabi/lib\libc.a(lib_a-init.o)
                              c:/program files (x86)/gnu tools arm embedded/5.2 2015q4/bin/../lib/gcc/arm-none-eabi/5.2.1/../../../../arm-none-eabi/lib/crt0.o (__libc_init_array)
c:/program files (x86)/gnu tools arm embedded/5.2 2015q4/bin/../lib/gcc/arm-none-eabi/5.2.1/../../../../arm-none-eabi/lib\libc.a(lib_a-memset.o)
                              c:/program files (x86)/gnu tools arm embedded/5.2 2015q4/bin/../lib/gcc/arm-none-eabi/5.2.1/../../../../arm-none-eabi/lib/crt0.o (memset)
c:/program files (x86)/gnu tools arm embedded/5.2 2015q4/bin/../lib/gcc/arm-none-eabi/5.2.1/../../../../arm-none-eabi/lib\libc.a(lib_a-__call_atexit.o)
                              c:/program files (x86)/gnu tools arm embedded/5.2 2015q4/bin/../lib/gcc/arm-none-eabi/5.2.1/../../../../arm-none-eabi/lib\libc.a(lib_a-exit.o) (__call_exitprocs)
c:/program files (x86)/gnu tools arm embedded/5.2 2015q4/bin/../lib/gcc/arm-none-eabi/5.2.1/../../../../arm-none-eabi/lib\libc.a(lib_a-atexit.o)
                              c:/program files (x86)/gnu tools arm embedded/5.2 2015q4/bin/../lib/gcc/arm-none-eabi/5.2.1/../../../../arm-none-eabi/lib\libc.a(lib_a-__call_atexit.o) (atexit)
c:/program files (x86)/gnu tools arm embedded/5.2 2015q4/bin/../lib/gcc/arm-none-eabi/5.2.1/../../../../arm-none-eabi/lib\libc.a(lib_a-fini.o)
                              c:/program files (x86)/gnu tools arm embedded/5.2 2015q4/bin/../lib/gcc/arm-none-eabi/5.2.1/../../../../arm-none-eabi/lib\libc.a(lib_a-__call_atexit.o) (__libc_fini_array)
c:/program files (x86)/gnu tools arm embedded/5.2 2015q4/bin/../lib/gcc/arm-none-eabi/5.2.1/../../../../arm-none-eabi/lib\libc.a(lib_a-__atexit.o)
                              c:/program files (x86)/gnu tools arm embedded/5.2 2015q4/bin/../lib/gcc/arm-none-eabi/5.2.1/../../../../arm-none-eabi/lib\libc.a(lib_a-atexit.o) (__register_exitproc)

Discarded input sections

 .text          0x00000000        0x0 c:/program files (x86)/gnu tools arm embedded/5.2 2015q4/bin/../lib/gcc/arm-none-eabi/5.2.1/crti.o
 .data          0x00000000        0x0 c:/program files (x86)/gnu tools arm embedded/5.2 2015q4/bin/../lib/gcc/arm-none-eabi/5.2.1/crti.o
 .bss           0x00000000        0x0 c:/program files (x86)/gnu tools arm embedded/5.2 2015q4/bin/../lib/gcc/arm-none-eabi/5.2.1/crti.o
 .text          0x00000000      0x108 c:/program files (x86)/gnu tools arm embedded/5.2 2015q4/bin/../lib/gcc/arm-none-eabi/5.2.1/crtbegin.o
 .data          0x00000000        0x4 c:/program files (x86)/gnu tools arm embedded/5.2 2015q4/bin/../lib/gcc/arm-none-eabi/5.2.1/crtbegin.o
 .bss           0x00000000       0x1c c:/program files (x86)/gnu tools arm embedded/5.2 2015q4/bin/../lib/gcc/arm-none-eabi/5.2.1/crtbegin.o
 .init_array    0x00000000        0x4 c:/program files (x86)/gnu tools arm embedded/5.2 2015q4/bin/../lib/gcc/arm-none-eabi/5.2.1/crtbegin.o
[...]
Memory Configuration

Name             Origin             Length             Attributes
RAM              0x20000000         0x00010000         xrw
FLASH            0x08003000         0x0007d000         xr
FLASHB1          0x00000000         0x00000000         xr
EXTMEMB0         0x00000000         0x00000000         xr
EXTMEMB1         0x00000000         0x00000000         xr
EXTMEMB2         0x00000000         0x00000000         xr
EXTMEMB3         0x00000000         0x00000000         xr
*default*        0x00000000         0xffffffff

Linker script and memory map

LOAD c:/program files (x86)/gnu tools arm embedded/5.2 2015q4/bin/../lib/gcc/arm-none-eabi/5.2.1/crti.o
LOAD c:/program files (x86)/gnu tools arm embedded/5.2 2015q4/bin/../lib/gcc/arm-none-eabi/5.2.1/crtbegin.o
LOAD c:/program files (x86)/gnu tools arm embedded/5.2 2015q4/bin/../lib/gcc/arm-none-eabi/5.2.1/../../../../arm-none-eabi/lib/crt0.o
LOAD CM530_APP/src/main.o
LOAD CM530_APP/src/stm32f10x_it.o
LOAD CM530_APP/src/BioloidEx.o
LOAD CM530_APP/src/serial.o
LOAD CM530_APP/src/dynamixel.o
LOAD CM530_APP/src/zigbee.o
LOAD CM530_HW/src/adc.o
LOAD CM530_HW/src/button.o
LOAD CM530_HW/src/led.o
LOAD CM530_HW/src/mic.o
LOAD CM530_HW/src/system_func.o
LOAD CM530_HW/src/system_init.o
LOAD CM530_HW/src/usart.o
LOAD stm32f10x_lib/libstm32.a
START GROUP
LOAD c:/program files (x86)/gnu tools arm embedded/5.2 2015q4/bin/../lib/gcc/arm-none-eabi/5.2.1\libgcc.a
LOAD c:/program files (x86)/gnu tools arm embedded/5.2 2015q4/bin/../lib/gcc/arm-none-eabi/5.2.1/../../../../arm-none-eabi/lib\libc.a
END GROUP
LOAD c:/program files (x86)/gnu tools arm embedded/5.2 2015q4/bin/../lib/gcc/arm-none-eabi/5.2.1/crtend.o
LOAD c:/program files (x86)/gnu tools arm embedded/5.2 2015q4/bin/../lib/gcc/arm-none-eabi/5.2.1/crtn.o
                0x00000400                __Stack_Size = 0x400
                [!provide]                PROVIDE (_Stack_Size, __Stack_Size)
                0x2000fc00                __Stack_Init = (_estack - __Stack_Size)
                [!provide]                PROVIDE (_Stack_Init, __Stack_Init)
                0x00000100                _Minimum_Stack_Size = 0x100
                [!provide]                PROVIDE (Undefined_Handler, 0x0)
                [!provide]                PROVIDE (SWI_Handler, 0x0)
                [!provide]                PROVIDE (IRQ_Handler, 0x0)
                [!provide]                PROVIDE (Prefetch_Handler, 0x0)
                [!provide]                PROVIDE (Abort_Handler, 0x0)
                [!provide]                PROVIDE (FIQ_Handler, 0x0)
                [!provide]                PROVIDE (NMIException, 0x0)
                [!provide]                PROVIDE (HardFaultException, 0x0)
                [!provide]                PROVIDE (MemManageException, 0x0)
                [!provide]                PROVIDE (BusFaultException, 0x0)
                [!provide]                PROVIDE (UsageFaultException, 0x0)
                [!provide]                PROVIDE (SVCHandler, 0x0)
                [!provide]                PROVIDE (DebugMonitor, 0x0)
                [!provide]                PROVIDE (PendSVC, 0x0)
                [!provide]                PROVIDE (SysTickHandler, 0x0)
                [!provide]                PROVIDE (WWDG_IRQHandler, 0x0)
                [!provide]                PROVIDE (PVD_IRQHandler, 0x0)
                [!provide]                PROVIDE (TAMPER_IRQHandler, 0x0)
                [!provide]                PROVIDE (RTC_IRQHandler, 0x0)
                [!provide]                PROVIDE (FLASH_IRQHandler, 0x0)
                [!provide]                PROVIDE (RCC_IRQHandler, 0x0)
                [!provide]                PROVIDE (EXTI0_IRQHandler, 0x0)
                [!provide]                PROVIDE (EXTI1_IRQHandler, 0x0)
                [!provide]                PROVIDE (EXTI2_IRQHandler, 0x0)
                [!provide]                PROVIDE (EXTI3_IRQHandler, 0x0)
                [!provide]                PROVIDE (EXTI4_IRQHandler, 0x0)
                [!provide]                PROVIDE (DMAChannel1_IRQHandler, 0x0)
                [!provide]                PROVIDE (DMAChannel2_IRQHandler, 0x0)
                [!provide]                PROVIDE (DMAChannel3_IRQHandler, 0x0)
                [!provide]                PROVIDE (DMAChannel4_IRQHandler, 0x0)
                [!provide]                PROVIDE (DMAChannel5_IRQHandler, 0x0)
                [!provide]                PROVIDE (DMAChannel6_IRQHandler, 0x0)
                [!provide]                PROVIDE (DMAChannel7_IRQHandler, 0x0)
                [!provide]                PROVIDE (ADC_IRQHandler, 0x0)
                [!provide]                PROVIDE (USB_HP_CAN_TX_IRQHandler, 0x0)
                [!provide]                PROVIDE (USB_LP_CAN_RX0_IRQHandler, 0x0)
                [!provide]                PROVIDE (CAN_RX1_IRQHandler, 0x0)
                [!provide]                PROVIDE (CAN_SCE_IRQHandler, 0x0)
                [!provide]                PROVIDE (EXTI9_5_IRQHandler, 0x0)
                [!provide]                PROVIDE (TIM1_BRK_IRQHandler, 0x0)
                [!provide]                PROVIDE (TIM1_UP_IRQHandler, 0x0)
                [!provide]                PROVIDE (TIM1_TRG_COM_IRQHandler, 0x0)
                [!provide]                PROVIDE (TIM1_CC_IRQHandler, 0x0)
                [!provide]                PROVIDE (TIM2_IRQHandler, 0x0)
                [!provide]                PROVIDE (TIM3_IRQHandler, 0x0)
                [!provide]                PROVIDE (TIM4_IRQHandler, 0x0)
                [!provide]                PROVIDE (I2C1_EV_IRQHandler, 0x0)
                [!provide]                PROVIDE (I2C1_ER_IRQHandler, 0x0)
                [!provide]                PROVIDE (I2C2_EV_IRQHandler, 0x0)
                [!provide]                PROVIDE (I2C2_ER_IRQHandler, 0x0)
                [!provide]                PROVIDE (SPI1_IRQHandler, 0x0)
                [!provide]                PROVIDE (SPI2_IRQHandler, 0x0)
                [!provide]                PROVIDE (USART1_IRQHandler, 0x0)
                [!provide]                PROVIDE (USART2_IRQHandler, 0x0)
                [!provide]                PROVIDE (USART3_IRQHandler, 0x0)
                [!provide]                PROVIDE (EXTI15_10_IRQHandler, 0x0)
                [!provide]                PROVIDE (RTCAlarm_IRQHandler, 0x0)
                [!provide]                PROVIDE (USBWakeUp_IRQHandler, 0x0)
                0x42000000                PERIPH_BB_BASE = 0x42000000
                0x22000000                SRAM_BB_BASE = 0x22000000
                0x20000000                SRAM_BASE = 0x20000000
                0x40000000                PERIPH_BASE = 0x40000000
                [!provide]                PROVIDE (FLASH_BASE, 0x40022000)
                [!provide]                PROVIDE (OB_BASE, 0x1ffff800)
                0x40000000                APB1PERIPH_BASE = PERIPH_BASE
                0x40010000                APB2PERIPH_BASE = (PERIPH_BASE + 0x10000)
                0x40020000                AHBPERIPH_BASE = (PERIPH_BASE + 0x20000)
                [!provide]                PROVIDE (TIM2, (APB1PERIPH_BASE + 0x0))
                [!provide]                PROVIDE (TIM3, (APB1PERIPH_BASE + 0x400))
                [!provide]                PROVIDE (TIM4, (APB1PERIPH_BASE + 0x800))
                [!provide]                PROVIDE (RTC, (APB1PERIPH_BASE + 0x2800))
                [!provide]                PROVIDE (WWDG, (APB1PERIPH_BASE + 0x2c00))
                [!provide]                PROVIDE (IWDG, (APB1PERIPH_BASE + 0x3000))
                [!provide]                PROVIDE (SPI2, (APB1PERIPH_BASE + 0x3800))
                [!provide]                PROVIDE (USART2, (APB1PERIPH_BASE + 0x4400))
                [!provide]                PROVIDE (USART3, (APB1PERIPH_BASE + 0x4800))
                [!provide]                PROVIDE (I2C1, (APB1PERIPH_BASE + 0x5400))
                [!provide]                PROVIDE (I2C2, (APB1PERIPH_BASE + 0x5800))
                [!provide]                PROVIDE (CAN, (APB1PERIPH_BASE + 0x6400))
                [!provide]                PROVIDE (BKP, (APB1PERIPH_BASE + 0x6c00))
                [!provide]                PROVIDE (PWR, (APB1PERIPH_BASE + 0x7000))
                [!provide]                PROVIDE (AFIO, (APB2PERIPH_BASE + 0x0))
                [!provide]                PROVIDE (EXTI, (APB2PERIPH_BASE + 0x400))
                [!provide]                PROVIDE (GPIOA, (APB2PERIPH_BASE + 0x800))
                [!provide]                PROVIDE (GPIOB, (APB2PERIPH_BASE + 0xc00))
                [!provide]                PROVIDE (GPIOC, (APB2PERIPH_BASE + 0x1000))
                [!provide]                PROVIDE (GPIOD, (APB2PERIPH_BASE + 0x1400))
                [!provide]                PROVIDE (GPIOE, (APB2PERIPH_BASE + 0x1800))
                [!provide]                PROVIDE (ADC1, (APB2PERIPH_BASE + 0x2400))
                [!provide]                PROVIDE (ADC2, (APB2PERIPH_BASE + 0x2800))
                [!provide]                PROVIDE (TIM1, (APB2PERIPH_BASE + 0x2c00))
                [!provide]                PROVIDE (SPI1, (APB2PERIPH_BASE + 0x3000))
                [!provide]                PROVIDE (USART1, (APB2PERIPH_BASE + 0x3800))
                [!provide]                PROVIDE (DMA, (AHBPERIPH_BASE + 0x0))
                [!provide]                PROVIDE (DMA_Channel1, (AHBPERIPH_BASE + 0x8))
                [!provide]                PROVIDE (DMA_Channel2, (AHBPERIPH_BASE + 0x1c))
                [!provide]                PROVIDE (DMA_Channel3, (AHBPERIPH_BASE + 0x30))
                [!provide]                PROVIDE (DMA_Channel4, (AHBPERIPH_BASE + 0x44))
                [!provide]                PROVIDE (DMA_Channel5, (AHBPERIPH_BASE + 0x58))
                [!provide]                PROVIDE (DMA_Channel6, (AHBPERIPH_BASE + 0x6c))
                [!provide]                PROVIDE (DMA_Channel7, (AHBPERIPH_BASE + 0x80))
                [!provide]                PROVIDE (RCC, (AHBPERIPH_BASE + 0x1000))
                0xe000e000                SCS_BASE = 0xe000e000
                [!provide]                PROVIDE (SysTick, (SCS_BASE + 0x10))
                [!provide]                PROVIDE (NVIC, (SCS_BASE + 0x100))
                [!provide]                PROVIDE (SCB, (SCS_BASE + 0xd00))
                0x20010000                _estack = 0x20010000

.isr_vector     0x08003000      0x134
                0x08003000                . = ALIGN (0x4)
 *(.isr_vector)
 .isr_vector    0x08003000      0x134 stm32f10x_lib/libstm32.a(stm32f10x_vector.o)
                0x08003000                g_pfnVectors
                0x08003134                . = ALIGN (0x4)

.flashtext      0x08003134        0x0
                0x08003134                . = ALIGN (0x4)
 *(.flashtext)
                0x08003134                . = ALIGN (0x4)

.text           0x08003134     0x6094
                0x08003134                . = ALIGN (0x4)
 *(.text)
 *(.text.*)
 .text.CommanderInputController_Init
                0x08003134       0x60 CM530_APP/src/main.o
                0x08003134                CommanderInputController_Init
 .text.Send_fake_feedback_Odroid
                0x08003194       0xd8 CM530_APP/src/main.o
                0x08003194                Send_fake_feedback_Odroid
 .text.CommanderTurnRobotOff
                0x0800326c       0x3c CM530_APP/src/main.o
                0x0800326c                CommanderTurnRobotOff
 .text.Commander_ReadMsgs_Odroid
                0x080032a8       0x60 CM530_APP/src/main.o
                0x080032a8                Commander_ReadMsgs_Odroid
 .text.OutputServoInfoForLeg
                0x08003308       0x78 CM530_APP/src/main.o
                0x08003308                OutputServoInfoForLeg
 .text.CalculateAX12MoveSpeed
                0x08003380       0x2a CM530_APP/src/main.o
                0x08003380                CalculateAX12MoveSpeed
 *fill*         0x080033aa        0x2 
 .text.SetRegOnAllServos
                0x080033ac       0x7c CM530_APP/src/main.o
                0x080033ac                SetRegOnAllServos
 .text.Servo_Init
                0x08003428       0x30 CM530_APP/src/main.o
                0x08003428                Servo_Init
 .text.CommitServoDriver
                0x08003458       0xec CM530_APP/src/main.o
                0x08003458                CommitServoDriver
 .text.IdleTime
                0x08003544       0x3c CM530_APP/src/main.o
                0x08003544                IdleTime
 .text.MakeSureServosAreOn
                0x08003580       0x54 CM530_APP/src/main.o
                0x08003580                MakeSureServosAreOn
 .text.BeginServoUpdate
                0x080035d4       0x38 CM530_APP/src/main.o
                0x080035d4                BeginServoUpdate
 .text.BackgroundProcess
                0x0800360c       0x1c CM530_APP/src/main.o
                0x0800360c                BackgroundProcess
 .text._sbrk    0x08003628       0x28 CM530_APP/src/main.o
                0x08003628                _sbrk
 .text.initMemoryUsageTest
                0x08003650       0xbc CM530_APP/src/main.o
                0x08003650                initMemoryUsageTest
 .text.printMemoryUsage
                0x0800370c       0x9c CM530_APP/src/main.o
                0x0800370c                printMemoryUsage
 .text.PrintGaitsTable
                0x080037a8       0xf8 CM530_APP/src/main.o
                0x080037a8                PrintGaitsTable
 .text.TerminalMonitor
                0x080038a0      0x250 CM530_APP/src/main.o
                0x080038a0                TerminalMonitor
 .text.StartUpdateServos
                0x08003af0      0x204 CM530_APP/src/main.o
                0x08003af0                StartUpdateServos
 .text.CheckVoltage
                0x08003cf4       0x88 CM530_APP/src/main.o
                0x08003cf4                CheckVoltage
 .text.SingleLegControl
                0x08003d7c      0x198 CM530_APP/src/main.o
                0x08003d7c                SingleLegControl
 .text.GaitSelect
                0x08003f14       0x3c CM530_APP/src/main.o
                0x08003f14                GaitSelect
 .text.setupPhoenix
                0x08003f50      0x150 CM530_APP/src/main.o
                0x08003f50                setupPhoenix
 .text.Gait     0x080040a0      0x278 CM530_APP/src/main.o
                0x080040a0                Gait
 .text.GaitSeq  0x08004318       0xa4 CM530_APP/src/main.o
                0x08004318                GaitSeq
 .text.BalanceBody
                0x080043bc       0x8c CM530_APP/src/main.o
                0x080043bc                BalanceBody
 .text.GetSinCos
                0x08004448      0x154 CM530_APP/src/main.o
                0x08004448                GetSinCos
 .text.GetArcCos
                0x0800459c       0x94 CM530_APP/src/main.o
                0x0800459c                GetArcCos
 .text.isqrt32  0x08004630       0x28 CM530_APP/src/main.o
                0x08004630                isqrt32
 .text.GetATan2
                0x08004658       0x50 CM530_APP/src/main.o
                0x08004658                GetATan2
 .text.BalCalcOneLeg
                0x080046a8       0xc4 CM530_APP/src/main.o
                0x080046a8                BalCalcOneLeg
 .text.BodyFK   0x0800476c      0x214 CM530_APP/src/main.o
                0x0800476c                BodyFK
 .text.LegIK    0x08004980      0x178 CM530_APP/src/main.o
                0x08004980                LegIK
 .text.CheckAngles
                0x08004af8      0x100 CM530_APP/src/main.o
                0x08004af8                CheckAngles
 .text.SmoothControl
                0x08004bf8       0x30 CM530_APP/src/main.o
                0x08004bf8                SmoothControl
 .text.GetLegsXZLength
                0x08004c28       0x34 CM530_APP/src/main.o
                0x08004c28                GetLegsXZLength
 .text.AdjustLegPositions
                0x08004c5c       0x90 CM530_APP/src/main.o
                0x08004c5c                AdjustLegPositions
 .text.AdjustLegPositionsToBodyHeight
                0x08004cec       0x2c CM530_APP/src/main.o
                0x08004cec                AdjustLegPositionsToBodyHeight
 .text.CommanderInputController_ControlInput
                0x08004d18      0x4d0 CM530_APP/src/main.o
                0x08004d18                CommanderInputController_ControlInput
 .text.startup.main
                0x080051e8      0x514 CM530_APP/src/main.o
                0x080051e8                main
 .text.NMIException
                0x080056fc        0x2 CM530_APP/src/stm32f10x_it.o
                0x080056fc                NMIException
 .text.HardFaultException
                0x080056fe        0x2 CM530_APP/src/stm32f10x_it.o
                0x080056fe                HardFaultException
 .text.MemManageException
                0x08005700        0x2 CM530_APP/src/stm32f10x_it.o
                0x08005700                MemManageException
 .text.BusFaultException
                0x08005702        0x2 CM530_APP/src/stm32f10x_it.o
                0x08005702                BusFaultException
 .text.UsageFaultException
                0x08005704        0x2 CM530_APP/src/stm32f10x_it.o
                0x08005704                UsageFaultException
 .text.DebugMonitor
                0x08005706        0x2 CM530_APP/src/stm32f10x_it.o
                0x08005706                DebugMonitor
 .text.SVCHandler
                0x08005708        0x2 CM530_APP/src/stm32f10x_it.o
                0x08005708                SVCHandler
 .text.PendSVC  0x0800570a        0x2 CM530_APP/src/stm32f10x_it.o
                0x0800570a                PendSVC
 .text.SysTickHandler
                0x0800570c        0x4 CM530_APP/src/stm32f10x_it.o
                0x0800570c                SysTickHandler
 .text.WWDG_IRQHandler
                0x08005710        0x2 CM530_APP/src/stm32f10x_it.o
                0x08005710                WWDG_IRQHandler
 .text.PVD_IRQHandler
                0x08005712        0x2 CM530_APP/src/stm32f10x_it.o
                0x08005712                PVD_IRQHandler
 .text.TAMPER_IRQHandler
                0x08005714        0x2 CM530_APP/src/stm32f10x_it.o
                0x08005714                TAMPER_IRQHandler
 .text.RTC_IRQHandler
                0x08005716        0x2 CM530_APP/src/stm32f10x_it.o
                0x08005716                RTC_IRQHandler
 .text.FLASH_IRQHandler
                0x08005718        0x2 CM530_APP/src/stm32f10x_it.o
                0x08005718                FLASH_IRQHandler
 .text.RCC_IRQHandler
                0x0800571a        0x2 CM530_APP/src/stm32f10x_it.o
                0x0800571a                RCC_IRQHandler
 .text.EXTI0_IRQHandler
                0x0800571c        0x2 CM530_APP/src/stm32f10x_it.o
                0x0800571c                EXTI0_IRQHandler
 .text.EXTI1_IRQHandler
                0x0800571e        0x2 CM530_APP/src/stm32f10x_it.o
                0x0800571e                EXTI1_IRQHandler
 .text.EXTI2_IRQHandler
                0x08005720        0x2 CM530_APP/src/stm32f10x_it.o
                0x08005720                EXTI2_IRQHandler
 .text.EXTI3_IRQHandler
                0x08005722        0x2 CM530_APP/src/stm32f10x_it.o
                0x08005722                EXTI3_IRQHandler
 .text.EXTI4_IRQHandler
                0x08005724        0x2 CM530_APP/src/stm32f10x_it.o
                0x08005724                EXTI4_IRQHandler
 .text.ADC1_2_IRQHandler
                0x08005726        0x2 CM530_APP/src/stm32f10x_it.o
                0x08005726                ADC1_2_IRQHandler
 .text.USB_HP_CAN_TX_IRQHandler
                0x08005728        0x2 CM530_APP/src/stm32f10x_it.o
                0x08005728                USB_HP_CAN_TX_IRQHandler
 .text.USB_LP_CAN_RX0_IRQHandler
                0x0800572a        0x2 CM530_APP/src/stm32f10x_it.o
                0x0800572a                USB_LP_CAN_RX0_IRQHandler
 .text.CAN_RX1_IRQHandler
                0x0800572c        0x2 CM530_APP/src/stm32f10x_it.o
                0x0800572c                CAN_RX1_IRQHandler
 .text.CAN_SCE_IRQHandler
                0x0800572e        0x2 CM530_APP/src/stm32f10x_it.o
                0x0800572e                CAN_SCE_IRQHandler
 .text.EXTI9_5_IRQHandler
                0x08005730        0x2 CM530_APP/src/stm32f10x_it.o
                0x08005730                EXTI9_5_IRQHandler
 .text.TIM1_BRK_IRQHandler
                0x08005732        0x2 CM530_APP/src/stm32f10x_it.o
                0x08005732                TIM1_BRK_IRQHandler
 .text.TIM1_UP_IRQHandler
                0x08005734        0x2 CM530_APP/src/stm32f10x_it.o
                0x08005734                TIM1_UP_IRQHandler
 .text.TIM1_TRG_COM_IRQHandler
                0x08005736        0x2 CM530_APP/src/stm32f10x_it.o
                0x08005736                TIM1_TRG_COM_IRQHandler
 .text.TIM1_CC_IRQHandler
                0x08005738        0x2 CM530_APP/src/stm32f10x_it.o
                0x08005738                TIM1_CC_IRQHandler
 .text.TIM2_IRQHandler
                0x0800573a        0x4 CM530_APP/src/stm32f10x_it.o
                0x0800573a                TIM2_IRQHandler
 .text.TIM3_IRQHandler
                0x0800573e        0x2 CM530_APP/src/stm32f10x_it.o
                0x0800573e                TIM3_IRQHandler
 .text.TIM4_IRQHandler
                0x08005740        0x2 CM530_APP/src/stm32f10x_it.o
                0x08005740                TIM4_IRQHandler
 .text.I2C1_EV_IRQHandler
                0x08005742        0x2 CM530_APP/src/stm32f10x_it.o
                0x08005742                I2C1_EV_IRQHandler
 .text.I2C1_ER_IRQHandler
                0x08005744        0x2 CM530_APP/src/stm32f10x_it.o
                0x08005744                I2C1_ER_IRQHandler
 .text.I2C2_EV_IRQHandler
                0x08005746        0x2 CM530_APP/src/stm32f10x_it.o
                0x08005746                I2C2_EV_IRQHandler
 .text.I2C2_ER_IRQHandler
                0x08005748        0x2 CM530_APP/src/stm32f10x_it.o
                0x08005748                I2C2_ER_IRQHandler
 .text.SPI1_IRQHandler
                0x0800574a        0x2 CM530_APP/src/stm32f10x_it.o
                0x0800574a                SPI1_IRQHandler
 .text.SPI2_IRQHandler
                0x0800574c        0x2 CM530_APP/src/stm32f10x_it.o
                0x0800574c                SPI2_IRQHandler
 .text.USART1_IRQHandler
                0x0800574e        0x4 CM530_APP/src/stm32f10x_it.o
                0x0800574e                USART1_IRQHandler
 .text.USART2_IRQHandler
                0x08005752        0x2 CM530_APP/src/stm32f10x_it.o
                0x08005752                USART2_IRQHandler
 .text.USART3_IRQHandler
                0x08005754        0x4 CM530_APP/src/stm32f10x_it.o
                0x08005754                USART3_IRQHandler
 .text.EXTI15_10_IRQHandler
                0x08005758        0x2 CM530_APP/src/stm32f10x_it.o
                0x08005758                EXTI15_10_IRQHandler
 .text.RTCAlarm_IRQHandler
                0x0800575a        0x2 CM530_APP/src/stm32f10x_it.o
                0x0800575a                RTCAlarm_IRQHandler
 .text.USBWakeUp_IRQHandler
                0x0800575c        0x2 CM530_APP/src/stm32f10x_it.o
                0x0800575c                USBWakeUp_IRQHandler
 .text.TIM8_BRK_IRQHandler
                0x0800575e        0x2 CM530_APP/src/stm32f10x_it.o
                0x0800575e                TIM8_BRK_IRQHandler
 .text.TIM8_UP_IRQHandler
                0x08005760        0x2 CM530_APP/src/stm32f10x_it.o
                0x08005760                TIM8_UP_IRQHandler
 .text.TIM8_TRG_COM_IRQHandler
                0x08005762        0x2 CM530_APP/src/stm32f10x_it.o
                0x08005762                TIM8_TRG_COM_IRQHandler
 .text.TIM8_CC_IRQHandler
                0x08005764        0x2 CM530_APP/src/stm32f10x_it.o
                0x08005764                TIM8_CC_IRQHandler
 .text.ADC3_IRQHandler
                0x08005766        0x2 CM530_APP/src/stm32f10x_it.o
                0x08005766                ADC3_IRQHandler
 .text.FSMC_IRQHandler
                0x08005768        0x2 CM530_APP/src/stm32f10x_it.o
                0x08005768                FSMC_IRQHandler
 .text.SDIO_IRQHandler
                0x0800576a        0x2 CM530_APP/src/stm32f10x_it.o
                0x0800576a                SDIO_IRQHandler
 .text.TIM5_IRQHandler
                0x0800576c        0x2 CM530_APP/src/stm32f10x_it.o
                0x0800576c                TIM5_IRQHandler
 .text.SPI3_IRQHandler
                0x0800576e        0x2 CM530_APP/src/stm32f10x_it.o
                0x0800576e                SPI3_IRQHandler
 .text.UART4_IRQHandler
                0x08005770        0x2 CM530_APP/src/stm32f10x_it.o
                0x08005770                UART4_IRQHandler
 .text.UART5_IRQHandler
                0x08005772        0x4 CM530_APP/src/stm32f10x_it.o
                0x08005772                UART5_IRQHandler
 .text.TIM6_IRQHandler
                0x08005776        0x2 CM530_APP/src/stm32f10x_it.o
                0x08005776                TIM6_IRQHandler
 .text.TIM7_IRQHandler
                0x08005778        0x2 CM530_APP/src/stm32f10x_it.o
                0x08005778                TIM7_IRQHandler
 .text.DMA2_Channel1_IRQHandler
                0x0800577a        0x2 CM530_APP/src/stm32f10x_it.o
                0x0800577a                DMA2_Channel1_IRQHandler
 .text.DMA2_Channel2_IRQHandler
                0x0800577c        0x2 CM530_APP/src/stm32f10x_it.o
                0x0800577c                DMA2_Channel2_IRQHandler
 .text.DMA2_Channel3_IRQHandler
                0x0800577e        0x2 CM530_APP/src/stm32f10x_it.o
                0x0800577e                DMA2_Channel3_IRQHandler
 .text.DMA2_Channel4_5_IRQHandler
                0x08005780        0x2 CM530_APP/src/stm32f10x_it.o
                0x08005780                DMA2_Channel4_5_IRQHandler
 *fill*         0x08005782        0x2 
 .text.BioloidControllerEx_readPose
                0x08005784       0x34 CM530_APP/src/BioloidEx.o
                0x08005784                BioloidControllerEx_readPose
 .text.BioloidControllerEx_writePose
                0x080057b8       0x90 CM530_APP/src/BioloidEx.o
                0x080057b8                BioloidControllerEx_writePose
 .text.BioloidControllerEx_interpolateSetup
                0x08005848       0x6c CM530_APP/src/BioloidEx.o
                0x08005848                BioloidControllerEx_interpolateSetup
 .text.BioloidControllerEx_interpolateStep
                0x080058b4       0xc4 CM530_APP/src/BioloidEx.o
                0x080058b4                BioloidControllerEx_interpolateStep
 .text.BioloidControllerEx_setNextPose
                0x08005978       0x30 CM530_APP/src/BioloidEx.o
                0x08005978                BioloidControllerEx_setNextPose
 .text.BioloidControllerEx_findServo
                0x080059a8       0xec CM530_APP/src/BioloidEx.o
                0x080059a8                BioloidControllerEx_findServo
 .text.BioloidControllerEx
                0x08005a94       0x68 CM530_APP/src/BioloidEx.o
                0x08005a94                BioloidControllerEx
 .text.BioloidControllerEx_AX_ReadControlTable
                0x08005afc      0x2f8 CM530_APP/src/BioloidEx.o
                0x08005afc                BioloidControllerEx_AX_ReadControlTable
 .text.BioloidControllerEx_AX_AddressTable
                0x08005df4       0x9c CM530_APP/src/BioloidEx.o
                0x08005df4                BioloidControllerEx_AX_AddressTable
 .text.zgb_Pick_Word_from_PC
                0x08005e90       0x94 CM530_APP/src/BioloidEx.o
                0x08005e90                zgb_Pick_Word_from_PC
 .text.zgb_Pick_Byte_from_PC
                0x08005f24       0x74 CM530_APP/src/BioloidEx.o
                0x08005f24                zgb_Pick_Byte_from_PC
 .text.BioloidControllerEx_AX_RW
                0x08005f98      0x300 CM530_APP/src/BioloidEx.o
                0x08005f98                BioloidControllerEx_AX_RW
 .text.pc_rx_check_odroid
                0x08006298      0x110 CM530_APP/src/serial.o
                0x08006298                pc_rx_check_odroid
 .text.pcu_rx_data_buttons
                0x080063a8        0xc CM530_APP/src/serial.o
                0x080063a8                pcu_rx_data_buttons
 .text.pcu_rx_data_extra
                0x080063b4        0xc CM530_APP/src/serial.o
                0x080063b4                pcu_rx_data_extra
 .text.pcu_rx_data_right_V_
                0x080063c0       0x10 CM530_APP/src/serial.o
                0x080063c0                pcu_rx_data_right_V_
 .text.pcu_rx_data_right_H_
                0x080063d0       0x10 CM530_APP/src/serial.o
                0x080063d0                pcu_rx_data_right_H_
 .text.pcu_rx_data_left_V_
                0x080063e0       0x10 CM530_APP/src/serial.o
                0x080063e0                pcu_rx_data_left_V_
 .text.pcu_rx_data_left_H_
                0x080063f0       0x10 CM530_APP/src/serial.o
                0x080063f0                pcu_rx_data_left_H_
 .text.pcu_initialize
                0x08006400        0xe CM530_APP/src/serial.o
                0x08006400                pcu_initialize
 .text.std_putchar
                0x0800640e       0x18 CM530_APP/src/serial.o
                0x0800640e                std_putchar
 .text.std_puts
                0x08006426       0x18 CM530_APP/src/serial.o
                0x08006426                std_puts
 *fill*         0x0800643e        0x2 
 .text.PrintCommStatus
                0x08006440       0x7c CM530_APP/src/serial.o
                0x08006440                PrintCommStatus
 .text.PrintErrorCode
                0x080064bc       0x94 CM530_APP/src/serial.o
                0x080064bc                PrintErrorCode
 .text.dxl_initialize
                0x08006550       0x20 CM530_APP/src/dynamixel.o
                0x08006550                dxl_initialize
 .text.dxl_tx_packet
                0x08006570       0xd0 CM530_APP/src/dynamixel.o
                0x08006570                dxl_tx_packet
 .text.dxl_rx_packet
                0x08006640      0x188 CM530_APP/src/dynamixel.o
                0x08006640                dxl_rx_packet
 .text.dxl_get_result
                0x080067c8        0xc CM530_APP/src/dynamixel.o
                0x080067c8                dxl_get_result
 .text.dxl_set_txpacket_id
                0x080067d4        0xc CM530_APP/src/dynamixel.o
                0x080067d4                dxl_set_txpacket_id
 .text.dxl_set_txpacket_instruction
                0x080067e0        0xc CM530_APP/src/dynamixel.o
                0x080067e0                dxl_set_txpacket_instruction
 .text.dxl_set_txpacket_parameter
                0x080067ec        0xc CM530_APP/src/dynamixel.o
                0x080067ec                dxl_set_txpacket_parameter
 .text.dxl_set_txpacket_length
                0x080067f8        0xc CM530_APP/src/dynamixel.o
                0x080067f8                dxl_set_txpacket_length
 .text.dxl_get_rxpacket_error
                0x08006804       0x24 CM530_APP/src/dynamixel.o
                0x08006804                dxl_get_rxpacket_error
 .text.dxl_makeword
                0x08006828        0x8 CM530_APP/src/dynamixel.o
                0x08006828                dxl_makeword
 .text.dxl_get_lowbyte
                0x08006830        0x4 CM530_APP/src/dynamixel.o
                0x08006830                dxl_get_lowbyte
 .text.dxl_get_highbyte
                0x08006834        0x4 CM530_APP/src/dynamixel.o
                0x08006834                dxl_get_highbyte
 .text.dxl_clear_statpkt
                0x08006838       0x3c CM530_APP/src/dynamixel.o
                0x08006838                dxl_clear_statpkt
 .text.dxl_txrx_packet
                0x08006874       0x28 CM530_APP/src/dynamixel.o
                0x08006874                dxl_txrx_packet
 .text.dxl_read_byte
                0x0800689c       0x44 CM530_APP/src/dynamixel.o
                0x0800689c                dxl_read_byte
 .text.dxl_write_byte
                0x080068e0       0x28 CM530_APP/src/dynamixel.o
                0x080068e0                dxl_write_byte
 .text.dxl_read_word
                0x08006908       0x4c CM530_APP/src/dynamixel.o
                0x08006908                dxl_read_word
 .text.dxl_write_word
                0x08006954       0x2c CM530_APP/src/dynamixel.o
                0x08006954                dxl_write_word
 .text.checkSumatory
                0x08006980       0x1a CM530_APP/src/dynamixel.o
                0x08006980                checkSumatory
 *fill*         0x0800699a        0x2 
 .text.zgb_initialize
                0x0800699c       0x28 CM530_APP/src/zigbee.o
                0x0800699c                zgb_initialize
 .text.zgb_pcu_put_byte
                0x080069c4       0x1c CM530_APP/src/zigbee.o
                0x080069c4                zgb_pcu_put_byte
 .text.zgb_std_putchar
                0x080069e0       0x18 CM530_APP/src/zigbee.o
                0x080069e0                zgb_std_putchar
 .text.zgb_std_puts
                0x080069f8       0x18 CM530_APP/src/zigbee.o
                0x080069f8                zgb_std_puts
 .text.zgb_PrintString
                0x08006a10        0x4 CM530_APP/src/zigbee.o
                0x08006a10                zgb_PrintString
 .text.zgb_Printu32d
                0x08006a14       0x68 CM530_APP/src/zigbee.o
                0x08006a14                zgb_Printu32d
 .text.zgb_TxD_Dec_U16
                0x08006a7c       0x54 CM530_APP/src/zigbee.o
                0x08006a7c                zgb_TxD_Dec_U16
 .text.zgb_TxD_Dec_U8
                0x08006ad0       0x50 CM530_APP/src/zigbee.o
                0x08006ad0                zgb_TxD_Dec_U8
 .text.zgb_PrintCommStatus
                0x08006b20       0x90 CM530_APP/src/zigbee.o
                0x08006b20                zgb_PrintCommStatus
 .text.zgb_TxD_Dec_U32
                0x08006bb0       0x58 CM530_APP/src/zigbee.o
                0x08006bb0                zgb_TxD_Dec_U32
 .text.ReadAnalog.part.1
                0x08006c08       0xd0 CM530_HW/src/adc.o
 .text.ReadAnalog
                0x08006cd8       0x60 CM530_HW/src/adc.o
                0x08006cd8                ReadAnalog
 .text.Battery_Monitor_Alarm
                0x08006d38       0x42 CM530_HW/src/adc.o
                0x08006d38                Battery_Monitor_Alarm
 *fill*         0x08006d7a        0x2 
 .text.Buzzed   0x08006d7c       0x38 CM530_HW/src/mic.o
                0x08006d7c                Buzzed
 .text.uDelay   0x08006db4       0x40 CM530_HW/src/system_func.o
                0x08006db4                uDelay
 .text.mDelay   0x08006df4        0xa CM530_HW/src/system_func.o
                0x08006df4                mDelay
 *fill*         0x08006dfe        0x2 
 .text.start_countdown_buzzer
                0x08006e00       0x34 CM530_HW/src/system_func.o
                0x08006e00                start_countdown_buzzer
 .text.start_timeout_dxl
                0x08006e34       0x38 CM530_HW/src/system_func.o
                0x08006e34                start_timeout_dxl
 .text.getMillis_TIM2
                0x08006e6c        0xc CM530_HW/src/system_func.o
                0x08006e6c                getMillis_TIM2
 .text.ISR_Delay_Base
                0x08006e78       0xd8 CM530_HW/src/system_func.o
                0x08006e78                ISR_Delay_Base
 .text.TimerInterrupt_1ms
                0x08006f50       0x54 CM530_HW/src/system_func.o
                0x08006f50                TimerInterrupt_1ms
 .text.RCC_Configuration
                0x08006fa4       0x9e CM530_HW/src/system_init.o
                0x08006fa4                RCC_Configuration
 *fill*         0x08007042        0x2 
 .text.NVIC_Configuration
                0x08007044       0x78 CM530_HW/src/system_init.o
                0x08007044                NVIC_Configuration
 .text.GPIO_Configuration
                0x080070bc      0x1dc CM530_HW/src/system_init.o
                0x080070bc                GPIO_Configuration
 .text.ADC_Configuration
                0x08007298       0xb8 CM530_HW/src/system_init.o
                0x08007298                ADC_Configuration
 .text.SysTick_Configuration
                0x08007350       0x20 CM530_HW/src/system_init.o
                0x08007350                SysTick_Configuration
 .text.Timer_Configuration
                0x08007370       0x86 CM530_HW/src/system_init.o
                0x08007370                Timer_Configuration
 *fill*         0x080073f6        0x2 
 .text.USART_Configuration
                0x080073f8       0x3c CM530_HW/src/system_init.o
                0x080073f8                USART_Configuration
 .text.SysInit  0x08007434       0x2c CM530_HW/src/system_init.o
                0x08007434                SysInit
 .text.pcu_hal_open
                0x08007460       0x58 CM530_HW/src/usart.o
                0x08007460                pcu_hal_open
 .text.pcu_put_byte
                0x080074b8       0x1c CM530_HW/src/usart.o
                0x080074b8                pcu_put_byte
 .text.pcu_put_queue
                0x080074d4       0x88 CM530_HW/src/usart.o
                0x080074d4                pcu_put_queue
 .text.pcu_hal_rx
                0x0800755c       0x58 CM530_HW/src/usart.o
                0x0800755c                pcu_hal_rx
 .text.RxD_PCU_Interrupt
                0x080075b4        0x4 CM530_HW/src/usart.o
                0x080075b4                RxD_PCU_Interrupt
 .text.zgb_hal_open
                0x080075b8       0x68 CM530_HW/src/usart.o
                0x080075b8                zgb_hal_open
 .text.zgb_hal_rx
                0x08007620       0x44 CM530_HW/src/usart.o
                0x08007620                zgb_hal_rx
 .text.RxD_ZIG_Interrupt
                0x08007664       0x64 CM530_HW/src/usart.o
                0x08007664                RxD_ZIG_Interrupt
 .text.dxl_hal_open
                0x080076c8       0x58 CM530_HW/src/usart.o
                0x080076c8                dxl_hal_open
 .text.dxl_hal_clear
                0x08007720       0x30 CM530_HW/src/usart.o
                0x08007720                dxl_hal_clear
 .text.dxl_hal_tx
                0x08007750       0x54 CM530_HW/src/usart.o
                0x08007750                dxl_hal_tx
 .text.dxl_hal_rx
                0x080077a4       0x68 CM530_HW/src/usart.o
                0x080077a4                dxl_hal_rx
 .text.dxl_hal_set_timeout
                0x0800780c        0x8 CM530_HW/src/usart.o
                0x0800780c                dxl_hal_set_timeout
 .text.dxl_hal_timeout
                0x08007814       0x10 CM530_HW/src/usart.o
                0x08007814                dxl_hal_timeout
 .text.RxD_DXL_Interrupt
                0x08007824       0x78 CM530_HW/src/usart.o
                0x08007824                RxD_DXL_Interrupt
 .text.ADC_Init
                0x0800789c       0x48 stm32f10x_lib/libstm32.a(stm32f10x_adc.o)
                0x0800789c                ADC_Init
 .text.ADC_StructInit
                0x080078e4       0x12 stm32f10x_lib/libstm32.a(stm32f10x_adc.o)
                0x080078e4                ADC_StructInit
 .text.ADC_Cmd  0x080078f6       0x12 stm32f10x_lib/libstm32.a(stm32f10x_adc.o)
                0x080078f6                ADC_Cmd
 .text.ADC_ResetCalibration
                0x08007908        0xa stm32f10x_lib/libstm32.a(stm32f10x_adc.o)
                0x08007908                ADC_ResetCalibration
 .text.ADC_GetResetCalibrationStatus
                0x08007912        0x8 stm32f10x_lib/libstm32.a(stm32f10x_adc.o)
                0x08007912                ADC_GetResetCalibrationStatus
 .text.ADC_StartCalibration
                0x0800791a        0xa stm32f10x_lib/libstm32.a(stm32f10x_adc.o)
                0x0800791a                ADC_StartCalibration
 .text.ADC_GetCalibrationStatus
                0x08007924        0x8 stm32f10x_lib/libstm32.a(stm32f10x_adc.o)
                0x08007924                ADC_GetCalibrationStatus
 .text.ADC_SoftwareStartConvCmd
                0x0800792c       0x12 stm32f10x_lib/libstm32.a(stm32f10x_adc.o)
                0x0800792c                ADC_SoftwareStartConvCmd
 .text.ADC_RegularChannelConfig
                0x0800793e       0x8e stm32f10x_lib/libstm32.a(stm32f10x_adc.o)
                0x0800793e                ADC_RegularChannelConfig
 .text.ADC_GetConversionValue
                0x080079cc        0x6 stm32f10x_lib/libstm32.a(stm32f10x_adc.o)
                0x080079cc                ADC_GetConversionValue
 *fill*         0x080079d2        0x2 
 .text.FLASH_SetLatency
                0x080079d4       0x18 stm32f10x_lib/libstm32.a(stm32f10x_flash.o)
                0x080079d4                FLASH_SetLatency
 .text.FLASH_PrefetchBufferCmd
                0x080079ec       0x18 stm32f10x_lib/libstm32.a(stm32f10x_flash.o)
                0x080079ec                FLASH_PrefetchBufferCmd
 .text.GPIO_Init
                0x08007a04       0xa4 stm32f10x_lib/libstm32.a(stm32f10x_gpio.o)
                0x08007a04                GPIO_Init
 .text.GPIO_StructInit
                0x08007aa8       0x10 stm32f10x_lib/libstm32.a(stm32f10x_gpio.o)
                0x08007aa8                GPIO_StructInit
 .text.GPIO_SetBits
                0x08007ab8        0x4 stm32f10x_lib/libstm32.a(stm32f10x_gpio.o)
                0x08007ab8                GPIO_SetBits
 .text.GPIO_ResetBits
                0x08007abc        0x4 stm32f10x_lib/libstm32.a(stm32f10x_gpio.o)
                0x08007abc                GPIO_ResetBits
 .text.GPIO_PinRemapConfig
                0x08007ac0       0x54 stm32f10x_lib/libstm32.a(stm32f10x_gpio.o)
                0x08007ac0                GPIO_PinRemapConfig
 .text.NVIC_PriorityGroupConfig
                0x08007b14       0x14 stm32f10x_lib/libstm32.a(stm32f10x_nvic.o)
                0x08007b14                NVIC_PriorityGroupConfig
 .text.NVIC_Init
                0x08007b28       0x84 stm32f10x_lib/libstm32.a(stm32f10x_nvic.o)
                0x08007b28                NVIC_Init
 .text.NVIC_SetVectorTable
                0x08007bac       0x14 stm32f10x_lib/libstm32.a(stm32f10x_nvic.o)
                0x08007bac                NVIC_SetVectorTable
 .text.NVIC_GenerateSystemReset
                0x08007bc0       0x10 stm32f10x_lib/libstm32.a(stm32f10x_nvic.o)
                0x08007bc0                NVIC_GenerateSystemReset
 .text.NVIC_SystemHandlerPriorityConfig
                0x08007bd0       0x50 stm32f10x_lib/libstm32.a(stm32f10x_nvic.o)
                0x08007bd0                NVIC_SystemHandlerPriorityConfig
 .text.PWR_BackupAccessCmd
                0x08007c20        0xc stm32f10x_lib/libstm32.a(stm32f10x_pwr.o)
                0x08007c20                PWR_BackupAccessCmd
 .text.RCC_DeInit
                0x08007c2c       0x3c stm32f10x_lib/libstm32.a(stm32f10x_rcc.o)
                0x08007c2c                RCC_DeInit
 .text.RCC_HSEConfig
                0x08007c68       0x38 stm32f10x_lib/libstm32.a(stm32f10x_rcc.o)
                0x08007c68                RCC_HSEConfig
 .text.RCC_PLLConfig
                0x08007ca0       0x14 stm32f10x_lib/libstm32.a(stm32f10x_rcc.o)
                0x08007ca0                RCC_PLLConfig
 .text.RCC_PLLCmd
                0x08007cb4        0xc stm32f10x_lib/libstm32.a(stm32f10x_rcc.o)
                0x08007cb4                RCC_PLLCmd
 .text.RCC_SYSCLKConfig
                0x08007cc0       0x14 stm32f10x_lib/libstm32.a(stm32f10x_rcc.o)
                0x08007cc0                RCC_SYSCLKConfig
 .text.RCC_GetSYSCLKSource
                0x08007cd4       0x10 stm32f10x_lib/libstm32.a(stm32f10x_rcc.o)
                0x08007cd4                RCC_GetSYSCLKSource
 .text.RCC_HCLKConfig
                0x08007ce4       0x14 stm32f10x_lib/libstm32.a(stm32f10x_rcc.o)
                0x08007ce4                RCC_HCLKConfig
 .text.RCC_PCLK1Config
                0x08007cf8       0x14 stm32f10x_lib/libstm32.a(stm32f10x_rcc.o)
                0x08007cf8                RCC_PCLK1Config
 .text.RCC_PCLK2Config
                0x08007d0c       0x14 stm32f10x_lib/libstm32.a(stm32f10x_rcc.o)
                0x08007d0c                RCC_PCLK2Config
 .text.RCC_GetClocksFreq
                0x08007d20       0x88 stm32f10x_lib/libstm32.a(stm32f10x_rcc.o)
                0x08007d20                RCC_GetClocksFreq
 .text.RCC_APB2PeriphClockCmd
                0x08007da8       0x18 stm32f10x_lib/libstm32.a(stm32f10x_rcc.o)
                0x08007da8                RCC_APB2PeriphClockCmd
 .text.RCC_APB1PeriphClockCmd
                0x08007dc0       0x18 stm32f10x_lib/libstm32.a(stm32f10x_rcc.o)
                0x08007dc0                RCC_APB1PeriphClockCmd
 .text.RCC_APB2PeriphResetCmd
                0x08007dd8       0x18 stm32f10x_lib/libstm32.a(stm32f10x_rcc.o)
                0x08007dd8                RCC_APB2PeriphResetCmd
 .text.RCC_APB1PeriphResetCmd
                0x08007df0       0x18 stm32f10x_lib/libstm32.a(stm32f10x_rcc.o)
                0x08007df0                RCC_APB1PeriphResetCmd
 .text.RCC_GetFlagStatus
                0x08007e08       0x28 stm32f10x_lib/libstm32.a(stm32f10x_rcc.o)
                0x08007e08                RCC_GetFlagStatus
 .text.RCC_WaitForHSEStartUp
                0x08007e30       0x2e stm32f10x_lib/libstm32.a(stm32f10x_rcc.o)
                0x08007e30                RCC_WaitForHSEStartUp
 *fill*         0x08007e5e        0x2 
 .text.SysTick_SetReload
                0x08007e60        0xc stm32f10x_lib/libstm32.a(stm32f10x_systick.o)
                0x08007e60                SysTick_SetReload
 .text.SysTick_CounterCmd
                0x08007e6c       0x28 stm32f10x_lib/libstm32.a(stm32f10x_systick.o)
                0x08007e6c                SysTick_CounterCmd
 .text.SysTick_ITConfig
                0x08007e94       0x18 stm32f10x_lib/libstm32.a(stm32f10x_systick.o)
                0x08007e94                SysTick_ITConfig
 .text.TIM_DeInit
                0x08007eac       0xd4 stm32f10x_lib/libstm32.a(stm32f10x_tim.o)
                0x08007eac                TIM_DeInit
 .text.TIM_TimeBaseInit
                0x08007f80       0x3c stm32f10x_lib/libstm32.a(stm32f10x_tim.o)
                0x08007f80                TIM_TimeBaseInit
 .text.TIM_OC1Init
                0x08007fbc       0x74 stm32f10x_lib/libstm32.a(stm32f10x_tim.o)
                0x08007fbc                TIM_OC1Init
 .text.TIM_TimeBaseStructInit
                0x08008030       0x12 stm32f10x_lib/libstm32.a(stm32f10x_tim.o)
                0x08008030                TIM_TimeBaseStructInit
 .text.TIM_OCStructInit
                0x08008042       0x14 stm32f10x_lib/libstm32.a(stm32f10x_tim.o)
                0x08008042                TIM_OCStructInit
 .text.TIM_Cmd  0x08008056       0x18 stm32f10x_lib/libstm32.a(stm32f10x_tim.o)
                0x08008056                TIM_Cmd
 .text.TIM_DMACmd
                0x0800806e       0x12 stm32f10x_lib/libstm32.a(stm32f10x_tim.o)
                0x0800806e                TIM_DMACmd
 .text.TIM_ITConfig
                0x08008080        0x4 stm32f10x_lib/libstm32.a(stm32f10x_tim.o)
                0x08008080                TIM_ITConfig
 .text.TIM_PrescalerConfig
                0x08008084        0x6 stm32f10x_lib/libstm32.a(stm32f10x_tim.o)
                0x08008084                TIM_PrescalerConfig
 .text.TIM_OC1PreloadConfig
                0x0800808a       0x10 stm32f10x_lib/libstm32.a(stm32f10x_tim.o)
                0x0800808a                TIM_OC1PreloadConfig
 .text.TIM_SetCompare1
                0x0800809a        0x4 stm32f10x_lib/libstm32.a(stm32f10x_tim.o)
                0x0800809a                TIM_SetCompare1
 .text.TIM_GetCapture1
                0x0800809e        0x6 stm32f10x_lib/libstm32.a(stm32f10x_tim.o)
                0x0800809e                TIM_GetCapture1
 .text.TIM_GetITStatus
                0x080080a4       0x16 stm32f10x_lib/libstm32.a(stm32f10x_tim.o)
                0x080080a4                TIM_GetITStatus
 .text.TIM_ClearITPendingBit
                0x080080ba        0x8 stm32f10x_lib/libstm32.a(stm32f10x_tim.o)
                0x080080ba                TIM_ClearITPendingBit
 *fill*         0x080080c2        0x2 
 .text.USART_DeInit
                0x080080c4       0x9c stm32f10x_lib/libstm32.a(stm32f10x_usart.o)
                0x080080c4                USART_DeInit
 .text.USART_Init
                0x08008160       0x88 stm32f10x_lib/libstm32.a(stm32f10x_usart.o)
                0x08008160                USART_Init
 .text.USART_StructInit
                0x080081e8       0x16 stm32f10x_lib/libstm32.a(stm32f10x_usart.o)
                0x080081e8                USART_StructInit
 .text.USART_Cmd
                0x080081fe       0x18 stm32f10x_lib/libstm32.a(stm32f10x_usart.o)
                0x080081fe                USART_Cmd
 .text.USART_ITConfig
                0x08008216       0x30 stm32f10x_lib/libstm32.a(stm32f10x_usart.o)
                0x08008216                USART_ITConfig
 .text.USART_SendData
                0x08008246        0x8 stm32f10x_lib/libstm32.a(stm32f10x_usart.o)
                0x08008246                USART_SendData
 .text.USART_ReceiveData
                0x0800824e        0x8 stm32f10x_lib/libstm32.a(stm32f10x_usart.o)
                0x0800824e                USART_ReceiveData
 .text.USART_GetFlagStatus
                0x08008256        0xc stm32f10x_lib/libstm32.a(stm32f10x_usart.o)
                0x08008256                USART_GetFlagStatus
 .text.USART_GetITStatus
                0x08008262       0x40 stm32f10x_lib/libstm32.a(stm32f10x_usart.o)
                0x08008262                USART_GetITStatus
 *fill*         0x080082a2        0x2 
 .text.Reset_Handler
                0x080082a4       0x50 stm32f10x_lib/libstm32.a(stm32f10x_vector.o)
                0x080082a4                Reset_Handler
 *(.rodata)
 *(.rodata*)
 .rodata.cTibiaInv
                0x080082f4        0x6 CM530_APP/src/main.o
                0x080082f4                cTibiaInv
 .rodata.GetSin
                0x080082fa      0x16a CM530_APP/src/main.o
 .rodata.cCoxaInv
                0x08008464        0x6 CM530_APP/src/main.o
                0x08008464                cCoxaInv
 .rodata.cFemurLength
                0x0800846a        0x6 CM530_APP/src/main.o
                0x0800846a                cFemurLength
 .rodata.str1.1
                0x08008470      0x490 CM530_APP/src/main.o
                                0x4de (size before relaxing)
 .rodata.cTibiaMax1
                0x08008900        0xc CM530_APP/src/main.o
                0x08008900                cTibiaMax1
 .rodata.cOffsetX
                0x0800890c        0xc CM530_APP/src/main.o
                0x0800890c                cOffsetX
 .rodata.cOffsetZ
                0x08008918        0xc CM530_APP/src/main.o
                0x08008918                cOffsetZ
 .rodata.cCoxaMin1
                0x08008924        0xc CM530_APP/src/main.o
                0x08008924                cCoxaMin1
 .rodata.cCoxaAngle1
                0x08008930        0xc CM530_APP/src/main.o
                0x08008930                cCoxaAngle1
 .rodata.cTibiaLength
                0x0800893c        0x6 CM530_APP/src/main.o
                0x0800893c                cTibiaLength
 .rodata.GetACos
                0x08008942      0x116 CM530_APP/src/main.o
 .rodata.cFemurMin1
                0x08008a58        0xc CM530_APP/src/main.o
                0x08008a58                cFemurMin1
 .rodata.cFemurMax1
                0x08008a64        0xc CM530_APP/src/main.o
                0x08008a64                cFemurMax1
 .rodata.cInitPosX
                0x08008a70        0xc CM530_APP/src/main.o
                0x08008a70                cInitPosX
 .rodata.cInitPosZ
                0x08008a7c        0xc CM530_APP/src/main.o
                0x08008a7c                cInitPosZ
 .rodata.cCoxaMax1
                0x08008a88        0xc CM530_APP/src/main.o
                0x08008a88                cCoxaMax1
 .rodata.cPinTable
                0x08008a94       0x12 CM530_APP/src/main.o
 .rodata.cInitPosY
                0x08008aa6        0xc CM530_APP/src/main.o
                0x08008aa6                cInitPosY
 .rodata.cTibiaMin1
                0x08008ab2        0xc CM530_APP/src/main.o
                0x08008ab2                cTibiaMin1
 .rodata.cCoxaLength
                0x08008abe        0x6 CM530_APP/src/main.o
                0x08008abe                cCoxaLength
 .rodata.str1.1
                0x08008ac4      0x4bc CM530_APP/src/BioloidEx.o
                                0x4eb (size before relaxing)
 .rodata.str1.1
                0x08008f80      0x21b CM530_APP/src/serial.o
 .rodata.str1.1
                0x0800919b      0x21b CM530_APP/src/zigbee.o
                                0x213 (size before relaxing)
 .rodata.APBAHBPrescTable
                0x0800919b       0x10 stm32f10x_lib/libstm32.a(stm32f10x_rcc.o)
 .rodata.ADCPrescTable
                0x080091ab        0x4 stm32f10x_lib/libstm32.a(stm32f10x_rcc.o)
 *(.init)
 *fill*         0x080091af        0x1 
 .init          0x080091b0        0xc c:/program files (x86)/gnu tools arm embedded/5.2 2015q4/bin/../lib/gcc/arm-none-eabi/5.2.1/crti.o
                0x080091b0                _init
 *(.fini)
 .fini          0x080091bc        0xc c:/program files (x86)/gnu tools arm embedded/5.2 2015q4/bin/../lib/gcc/arm-none-eabi/5.2.1/crti.o
                0x080091bc                _fini
 *(.glue_7)
 .glue_7        0x080091c8        0x0 linker stubs
 *(.glue_7t)
 .glue_7t       0x080091c8        0x0 linker stubs
                0x080091c8                . = ALIGN (0x4)
                0x080091c8                _etext = .
                0x080091c8                _sidata = _etext

.vfp11_veneer   0x080091c8        0x0
 .vfp11_veneer  0x080091c8        0x0 linker stubs

.v4_bx          0x080091c8        0x0
 .v4_bx         0x080091c8        0x0 linker stubs

.iplt           0x080091c8        0x0
 .iplt          0x080091c8        0x0 c:/program files (x86)/gnu tools arm embedded/5.2 2015q4/bin/../lib/gcc/arm-none-eabi/5.2.1/crtbegin.o

.rel.dyn        0x080091c8        0x0
 .rel.iplt      0x080091c8        0x0 c:/program files (x86)/gnu tools arm embedded/5.2 2015q4/bin/../lib/gcc/arm-none-eabi/5.2.1/crtbegin.o

.data           0x20000000       0x88 load address 0x080091c8
                0x20000000                . = ALIGN (0x4)
                0x20000000                _sdata = .
 *(.data)
 *(.data.*)
 .data.cFemurInv
                0x20000000        0x6 CM530_APP/src/main.o
                0x20000000                cFemurInv
 *fill*         0x20000006        0x2 
 .data.gaits_Name
                0x20000008       0x18 CM530_APP/src/main.o
                0x20000008                gaits_Name
 .data.NUM_GAITS
                0x20000020        0x1 CM530_APP/src/main.o
                0x20000020                NUM_GAITS
 *fill*         0x20000021        0x1 
 .data.APG      0x20000022       0x54 CM530_APP/src/main.o
                0x20000022                APG
 .data.g_iIdleServoNum
                0x20000076        0x1 CM530_APP/src/main.o
 .data.g_iIdleLedState
                0x20000077        0x1 CM530_APP/src/main.o
 .data.g_wLegsXZLength
                0x20000078        0x2 CM530_APP/src/main.o
                0x20000078                g_wLegsXZLength
 .data.gbCommStatus
                0x2000007a        0x2 CM530_APP/src/dynamixel.o
                0x2000007a                gbCommStatus
 .data.Baudrate_PCU
                0x2000007c        0x4 CM530_HW/src/usart.o
                0x2000007c                Baudrate_PCU
 .data.Baudrate_DXL
                0x20000080        0x4 CM530_HW/src/usart.o
                0x20000080                Baudrate_DXL
 .data.Baudrate_ZIG
                0x20000084        0x4 CM530_HW/src/usart.o
                0x20000084                Baudrate_ZIG
                0x20000088                . = ALIGN (0x4)
                0x20000088                _edata = .

.igot.plt       0x20000088        0x0 load address 0x08009250
 .igot.plt      0x20000088        0x0 c:/program files (x86)/gnu tools arm embedded/5.2 2015q4/bin/../lib/gcc/arm-none-eabi/5.2.1/crtbegin.o

.bss            0x20000088        0x0
                0x20000088                . = ALIGN (0x4)
                0x20000088                _sbss = .
                0x20000088                __bss_start = .
                0x20000088                __bss_start__ = __bss_start
 *(.bss)
 *(COMMON)
                0x20000088                . = ALIGN (0x4)
                0x20000088                _ebss = .
                0x20000088                __bss_end = .
                0x20000088                __bss_end__ = __bss_end

.bss.Atan4      0x20000088        0x2 load address 0x08009250
 .bss.Atan4     0x20000088        0x2 CM530_APP/src/main.o
                0x20000088                Atan4

.bss.bExtraCycle
                0x2000008a        0x1 load address 0x08009252
 .bss.bExtraCycle
                0x2000008a        0x1 CM530_APP/src/main.o
                0x2000008a                bExtraCycle

.bss.PrevServoMoveTime
                0x2000008c        0x2 load address 0x08009254
 .bss.PrevServoMoveTime
                0x2000008c        0x2 CM530_APP/src/main.o
                0x2000008c                PrevServoMoveTime

.bss.g_awCurAXPos
                0x2000008e       0x24 load address 0x08009256
 .bss.g_awCurAXPos
                0x2000008e       0x24 CM530_APP/src/main.o
                0x2000008e                g_awCurAXPos

.bss.CoxaAngle1
                0x200000b2        0xc load address 0x0800927a
 .bss.CoxaAngle1
                0x200000b2        0xc CM530_APP/src/main.o
                0x200000b2                CoxaAngle1

.bss.LegPosY    0x200000be        0xc load address 0x08009286
 .bss.LegPosY   0x200000be        0xc CM530_APP/src/main.o
                0x200000be                LegPosY

.bss.TibiaAngle_Odroid
                0x200000ca        0xc load address 0x08009292
 .bss.TibiaAngle_Odroid
                0x200000ca        0xc CM530_APP/src/main.o
                0x200000ca                TibiaAngle_Odroid

.bss.IKSolutionError
                0x200000d6        0x1 load address 0x0800929e
 .bss.IKSolutionError
                0x200000d6        0x1 CM530_APP/src/main.o
                0x200000d6                IKSolutionError

.bss.TotalXBal1
                0x200000d8        0x4 load address 0x080092a0
 .bss.TotalXBal1
                0x200000d8        0x4 CM530_APP/src/main.o
                0x200000d8                TotalXBal1

.bss.g_BodyYShift
                0x200000dc        0x2 load address 0x080092a4
 .bss.g_BodyYShift
                0x200000dc        0x2 CM530_APP/src/main.o

.bss.HeightSpeedMode
                0x200000de        0x1 load address 0x080092a6
 .bss.HeightSpeedMode
                0x200000de        0x1 CM530_APP/src/main.o

.bss.GaitRotY   0x200000e0       0x18 load address 0x080092a8
 .bss.GaitRotY  0x200000e0       0x18 CM530_APP/src/main.o
                0x200000e0                GaitRotY

.bss.g_fServosFree
                0x200000f8        0x1 load address 0x080092c0
 .bss.g_fServosFree
                0x200000f8        0x1 CM530_APP/src/main.o
                0x200000f8                g_fServosFree

.bss.GPSeq      0x200000f9        0x1 load address 0x080092c1
 .bss.GPSeq     0x200000f9        0x1 CM530_APP/src/main.o
                0x200000f9                GPSeq

.bss.g_ulLastMsgTime
                0x200000fc        0x4 load address 0x080092c4
 .bss.g_ulLastMsgTime
                0x200000fc        0x4 CM530_APP/src/main.o
                0x200000fc                g_ulLastMsgTime

.bss.g_fShowDebugPrompt
                0x20000100        0x1 load address 0x080092c8
 .bss.g_fShowDebugPrompt
                0x20000100        0x1 CM530_APP/src/main.o
                0x20000100                g_fShowDebugPrompt

.bss.CoxaAngle_Odroid
                0x20000102        0xc load address 0x080092ca
 .bss.CoxaAngle_Odroid
                0x20000102        0xc CM530_APP/src/main.o
                0x20000102                CoxaAngle_Odroid

.bss.IKSolutionWarning
                0x2000010e        0x1 load address 0x080092d6
 .bss.IKSolutionWarning
                0x2000010e        0x1 CM530_APP/src/main.o
                0x2000010e                IKSolutionWarning

.bss.leftH      0x2000010f        0x1 load address 0x080092d7
 .bss.leftH     0x2000010f        0x1 CM530_APP/src/main.o
                0x2000010f                leftH

.bss.XYhyp2     0x20000110        0x4 load address 0x080092d8
 .bss.XYhyp2    0x20000110        0x4 CM530_APP/src/main.o
                0x20000110                XYhyp2

.bss.fWalking   0x20000114        0x1 load address 0x080092dc
 .bss.fWalking  0x20000114        0x1 CM530_APP/src/main.o
                0x20000114                fWalking

.bss.g_iLegInitIndex
                0x20000115        0x1 load address 0x080092dd
 .bss.g_iLegInitIndex
                0x20000115        0x1 CM530_APP/src/main.o
                0x20000115                g_iLegInitIndex

.bss.ControlMode
                0x20000116        0x1 load address 0x080092de
 .bss.ControlMode
                0x20000116        0x1 CM530_APP/src/main.o

.bss.s_bLVBeepCnt
                0x20000117        0x1 load address 0x080092df
 .bss.s_bLVBeepCnt
                0x20000117        0x1 CM530_APP/src/main.o
                0x20000117                s_bLVBeepCnt

.bss.leftV      0x20000118        0x1 load address 0x080092e0
 .bss.leftV     0x20000118        0x1 CM530_APP/src/main.o
                0x20000118                leftV

.bss.sin4       0x2000011a        0x2 load address 0x080092e2
 .bss.sin4      0x2000011a        0x2 CM530_APP/src/main.o
                0x2000011a                sin4

.bss.bJoystickWalkMode
                0x2000011c        0x1 load address 0x080092e4
 .bss.bJoystickWalkMode
                0x2000011c        0x1 CM530_APP/src/main.o

.bss.g_fAXSpeedControl
                0x2000011d        0x1 load address 0x080092e5
 .bss.g_fAXSpeedControl
                0x2000011d        0x1 CM530_APP/src/main.o
                0x2000011d                g_fAXSpeedControl

.bss.rightV     0x2000011e        0x1 load address 0x080092e6
 .bss.rightV    0x2000011e        0x1 CM530_APP/src/main.o
                0x2000011e                rightV

.bss.GaitPosX   0x20000120       0x18 load address 0x080092e8
 .bss.GaitPosX  0x20000120       0x18 CM530_APP/src/main.o
                0x20000120                GaitPosX

.bss.GaitPosY   0x20000138       0x18 load address 0x08009300
 .bss.GaitPosY  0x20000138       0x18 CM530_APP/src/main.o
                0x20000138                GaitPosY

.bss.GaitPosZ   0x20000150       0x18 load address 0x08009318
 .bss.GaitPosZ  0x20000150       0x18 CM530_APP/src/main.o
                0x20000150                GaitPosZ

.bss.AngleRad4  0x20000168        0x2 load address 0x08009330
 .bss.AngleRad4
                0x20000168        0x2 CM530_APP/src/main.o
                0x20000168                AngleRad4

.bss.TotalYBal1
                0x2000016c        0x4 load address 0x08009334
 .bss.TotalYBal1
                0x2000016c        0x4 CM530_APP/src/main.o
                0x2000016c                TotalYBal1

.bss.FemurAngle1
                0x20000170        0xc load address 0x08009338
 .bss.FemurAngle1
                0x20000170        0xc CM530_APP/src/main.o
                0x20000170                FemurAngle1

.bss.TibiaAngle1
                0x2000017c        0xc load address 0x08009344
 .bss.TibiaAngle1
                0x2000017c        0xc CM530_APP/src/main.o
                0x2000017c                TibiaAngle1

.bss.Voltage    0x20000188        0x2 load address 0x08009350
 .bss.Voltage   0x20000188        0x2 CM530_APP/src/main.o
                0x20000188                Voltage

.bss.buttonsPrev
                0x2000018a        0x1 load address 0x08009352
 .bss.buttonsPrev
                0x2000018a        0x1 CM530_APP/src/main.o

.bss.DoubleTravelOn
                0x2000018b        0x1 load address 0x08009353
 .bss.DoubleTravelOn
                0x2000018b        0x1 CM530_APP/src/main.o

.bss.TravelRequest
                0x2000018c        0x1 load address 0x08009354
 .bss.TravelRequest
                0x2000018c        0x1 CM530_APP/src/main.o
                0x2000018c                TravelRequest

.bss.ext        0x2000018d        0x1 load address 0x08009355
 .bss.ext       0x2000018d        0x1 CM530_APP/src/main.o
                0x2000018d                ext

.bss.g_fLowVoltageShutdown
                0x2000018e        0x1 load address 0x08009356
 .bss.g_fLowVoltageShutdown
                0x2000018e        0x1 CM530_APP/src/main.o
                0x2000018e                g_fLowVoltageShutdown

.bss.buttons    0x2000018f        0x1 load address 0x08009357
 .bss.buttons   0x2000018f        0x1 CM530_APP/src/main.o

.bss.rightH     0x20000190        0x1 load address 0x08009358
 .bss.rightH    0x20000190        0x1 CM530_APP/src/main.o
                0x20000190                rightH

.bss.LegPosX    0x20000192        0xc load address 0x0800935a
 .bss.LegPosX   0x20000192        0xc CM530_APP/src/main.o
                0x20000192                LegPosX

.bss.LegPosZ    0x2000019e        0xc load address 0x08009366
 .bss.LegPosZ   0x2000019e        0xc CM530_APP/src/main.o
                0x2000019e                LegPosZ

.bss.lTimerStart
                0x200001ac        0x4 load address 0x08009374
 .bss.lTimerStart
                0x200001ac        0x4 CM530_APP/src/main.o
                0x200001ac                lTimerStart

.bss.BodyFKPosX
                0x200001b0        0x4 load address 0x08009378
 .bss.BodyFKPosX
                0x200001b0        0x4 CM530_APP/src/main.o
                0x200001b0                BodyFKPosX

.bss.BodyFKPosY
                0x200001b4        0x4 load address 0x0800937c
 .bss.BodyFKPosY
                0x200001b4        0x4 CM530_APP/src/main.o
                0x200001b4                BodyFKPosY

.bss.BodyFKPosZ
                0x200001b8        0x4 load address 0x08009380
 .bss.BodyFKPosZ
                0x200001b8        0x4 CM530_APP/src/main.o
                0x200001b8                BodyFKPosZ

.bss.TotalTransX
                0x200001bc        0x4 load address 0x08009384
 .bss.TotalTransX
                0x200001bc        0x4 CM530_APP/src/main.o
                0x200001bc                TotalTransX

.bss.TotalTransY
                0x200001c0        0x4 load address 0x08009388
 .bss.TotalTransY
                0x200001c0        0x4 CM530_APP/src/main.o
                0x200001c0                TotalTransY

.bss.ServoMoveTime
                0x200001c4        0x2 load address 0x0800938c
 .bss.ServoMoveTime
                0x200001c4        0x2 CM530_APP/src/main.o
                0x200001c4                ServoMoveTime

.bss.LegIndex   0x200001c6        0x1 load address 0x0800938e
 .bss.LegIndex  0x200001c6        0x1 CM530_APP/src/main.o
                0x200001c6                LegIndex

.bss.g_end_stack_pointer
                0x200001c8        0x4 load address 0x08009390
 .bss.g_end_stack_pointer
                0x200001c8        0x4 CM530_APP/src/main.o
                0x200001c8                g_end_stack_pointer

.bss.FemurAngle_Odroid
                0x200001cc        0xc load address 0x08009394
 .bss.FemurAngle_Odroid
                0x200001cc        0xc CM530_APP/src/main.o
                0x200001cc                FemurAngle_Odroid

.bss.TotalTransZ
                0x200001d8        0x4 load address 0x080093a0
 .bss.TotalTransZ
                0x200001d8        0x4 CM530_APP/src/main.o
                0x200001d8                TotalTransZ

.bss.g_fDebugOutput
                0x200001dc        0x1 load address 0x080093a4
 .bss.g_fDebugOutput
                0x200001dc        0x1 CM530_APP/src/main.o
                0x200001dc                g_fDebugOutput

.bss.heap_end.7173
                0x200001e0        0x4 load address 0x080093a8
 .bss.heap_end.7173
                0x200001e0        0x4 CM530_APP/src/main.o

.bss.g_start_heap_pointer
                0x200001e4        0x4 load address 0x080093ac
 .bss.g_start_heap_pointer
                0x200001e4        0x4 CM530_APP/src/main.o
                0x200001e4                g_start_heap_pointer

.bss.cos4       0x200001e8        0x2 load address 0x080093b0
 .bss.cos4      0x200001e8        0x2 CM530_APP/src/main.o
                0x200001e8                cos4

.bss.IKSolution
                0x200001ea        0x1 load address 0x080093b2
 .bss.IKSolution
                0x200001ea        0x1 CM530_APP/src/main.o
                0x200001ea                IKSolution

.bss.AllDown    0x200001eb        0x1 load address 0x080093b3
 .bss.AllDown   0x200001eb        0x1 CM530_APP/src/main.o
                0x200001eb                AllDown

.bss.g_InControlState
                0x200001ec       0x60 load address 0x080093b4
 .bss.g_InControlState
                0x200001ec       0x60 CM530_APP/src/main.o
                0x200001ec                g_InControlState

.bss.TotalZBal1
                0x2000024c        0x4 load address 0x08009414
 .bss.TotalZBal1
                0x2000024c        0x4 CM530_APP/src/main.o
                0x2000024c                TotalZBal1

.bss.g_awGoalAXPos
                0x20000250       0x24 load address 0x08009418
 .bss.g_awGoalAXPos
                0x20000250       0x24 CM530_APP/src/main.o
                0x20000250                g_awGoalAXPos

.bss.g_BodyYOffset
                0x20000274        0x2 load address 0x0800943c
 .bss.g_BodyYOffset
                0x20000274        0x2 CM530_APP/src/main.o

.bss.g_fDynamicLegXZLength
                0x20000276        0x1 load address 0x0800943e
 .bss.g_fDynamicLegXZLength
                0x20000276        0x1 CM530_APP/src/main.o
                0x20000276                g_fDynamicLegXZLength

.bss.poseSize   0x20000278        0x4 load address 0x08009440
 .bss.poseSize  0x20000278        0x4 CM530_APP/src/BioloidEx.o
                0x20000278                poseSize

.bss.frameLength
                0x2000027c        0x1 load address 0x08009444
 .bss.frameLength
                0x2000027c        0x1 CM530_APP/src/BioloidEx.o
                0x2000027c                frameLength

.bss.id_        0x2000027d       0x12 load address 0x08009445
 .bss.id_       0x2000027d       0x12 CM530_APP/src/BioloidEx.o
                0x2000027d                id_

.bss.pose_      0x20000290       0x48 load address 0x08009458
 .bss.pose_     0x20000290       0x48 CM530_APP/src/BioloidEx.o
                0x20000290                pose_

.bss.sizeControl
                0x200002d8        0x1 load address 0x080094a0
 .bss.sizeControl
                0x200002d8        0x1 CM530_APP/src/BioloidEx.o
                0x200002d8                sizeControl

.bss.speed_     0x200002dc       0x48 load address 0x080094a4
 .bss.speed_    0x200002dc       0x48 CM530_APP/src/BioloidEx.o
                0x200002dc                speed_

.bss.interpolating
                0x20000324        0x1 load address 0x080094ec
 .bss.interpolating
                0x20000324        0x1 CM530_APP/src/BioloidEx.o
                0x20000324                interpolating

.bss.nextpose_  0x20000328       0x48 load address 0x080094f0
 .bss.nextpose_
                0x20000328       0x48 CM530_APP/src/BioloidEx.o
                0x20000328                nextpose_

.bss.nextframe_
                0x20000370        0x4 load address 0x08009538
 .bss.nextframe_
                0x20000370        0x4 CM530_APP/src/BioloidEx.o
                0x20000370                nextframe_

.bss.gbRcvPacketNumOdroid
                0x20000374        0x1 load address 0x0800953c
 .bss.gbRcvPacketNumOdroid
                0x20000374        0x1 CM530_APP/src/serial.o
                0x20000374                gbRcvPacketNumOdroid

.bss.gbRcvPacketOdroid
                0x20000375        0x9 load address 0x0800953d
 .bss.gbRcvPacketOdroid
                0x20000375        0x9 CM530_APP/src/serial.o
                0x20000375                gbRcvPacketOdroid

.bss.left_H_Odroid
                0x2000037e        0x1 load address 0x08009546
 .bss.left_H_Odroid
                0x2000037e        0x1 CM530_APP/src/serial.o
                0x2000037e                left_H_Odroid

.bss.left_V_Odroid
                0x2000037f        0x1 load address 0x08009547
 .bss.left_V_Odroid
                0x2000037f        0x1 CM530_APP/src/serial.o
                0x2000037f                left_V_Odroid

.bss.right_V_Odroid
                0x20000380        0x1 load address 0x08009548
 .bss.right_V_Odroid
                0x20000380        0x1 CM530_APP/src/serial.o
                0x20000380                right_V_Odroid

.bss.extra_Odroid
                0x20000381        0x1 load address 0x08009549
 .bss.extra_Odroid
                0x20000381        0x1 CM530_APP/src/serial.o
                0x20000381                extra_Odroid

.bss.gbRcvFlagOdroid
                0x20000382        0x1 load address 0x0800954a
 .bss.gbRcvFlagOdroid
                0x20000382        0x1 CM530_APP/src/serial.o
                0x20000382                gbRcvFlagOdroid

.bss.buttons_Odroid
                0x20000383        0x1 load address 0x0800954b
 .bss.buttons_Odroid
                0x20000383        0x1 CM530_APP/src/serial.o
                0x20000383                buttons_Odroid

.bss.right_H_Odroid
                0x20000384        0x1 load address 0x0800954c
 .bss.right_H_Odroid
                0x20000384        0x1 CM530_APP/src/serial.o
                0x20000384                right_H_Odroid

.bss.gbRxGetLength
                0x20000385        0x1 load address 0x0800954d
 .bss.gbRxGetLength
                0x20000385        0x1 CM530_APP/src/dynamixel.o
                0x20000385                gbRxGetLength

.bss.giBusUsing
                0x20000386        0x1 load address 0x0800954e
 .bss.giBusUsing
                0x20000386        0x1 CM530_APP/src/dynamixel.o
                0x20000386                giBusUsing

.bss.gbRxPacketLength
                0x20000387        0x1 load address 0x0800954f
 .bss.gbRxPacketLength
                0x20000387        0x1 CM530_APP/src/dynamixel.o
                0x20000387                gbRxPacketLength

.bss.gbStatusPacket
                0x20000388       0x50 load address 0x08009550
 .bss.gbStatusPacket
                0x20000388       0x50 CM530_APP/src/dynamixel.o
                0x20000388                gbStatusPacket

.bss.gbInstructionPacket
                0x200003d8       0xa0 load address 0x080095a0
 .bss.gbInstructionPacket
                0x200003d8       0xa0 CM530_APP/src/dynamixel.o
                0x200003d8                gbInstructionPacket

.bss.gbRcvPacketNum
                0x20000478        0x1 load address 0x08009640
 .bss.gbRcvPacketNum
                0x20000478        0x1 CM530_APP/src/zigbee.o
                0x20000478                gbRcvPacketNum

.bss.gbRcvFlag  0x20000479        0x1 load address 0x08009641
 .bss.gbRcvFlag
                0x20000479        0x1 CM530_APP/src/zigbee.o
                0x20000479                gbRcvFlag

.bss.gwRcvData  0x2000047a        0x2 load address 0x08009642
 .bss.gwRcvData
                0x2000047a        0x2 CM530_APP/src/zigbee.o
                0x2000047a                gwRcvData

.bss.gbRcvPacket
                0x2000047c        0x6 load address 0x08009644
 .bss.gbRcvPacket
                0x2000047c        0x6 CM530_APP/src/zigbee.o
                0x2000047c                gbRcvPacket

.bss.Millis_TIM2
                0x20000484        0x4 load address 0x0800964c
 .bss.Millis_TIM2
                0x20000484        0x4 CM530_HW/src/system_func.o
                0x20000484                Millis_TIM2

.bss.capture    0x20000488        0x4 load address 0x08009650
 .bss.capture   0x20000488        0x4 CM530_HW/src/system_func.o
                0x20000488                capture

.bss.glDxlTimeoutCounter
                0x2000048c        0x4 load address 0x08009654
 .bss.glDxlTimeoutCounter
                0x2000048c        0x4 CM530_HW/src/system_func.o
                0x2000048c                glDxlTimeoutCounter

.bss.glPcuTimeoutCounter
                0x20000490        0x4 load address 0x08009658
 .bss.glPcuTimeoutCounter
                0x20000490        0x4 CM530_HW/src/system_func.o
                0x20000490                glPcuTimeoutCounter

.bss.gbCounterCount
                0x20000494        0x1 load address 0x0800965c
 .bss.gbCounterCount
                0x20000494        0x1 CM530_HW/src/system_func.o
                0x20000494                gbCounterCount

.bss.glBuzzerCounter
                0x20000498        0x4 load address 0x08009660
 .bss.glBuzzerCounter
                0x20000498        0x4 CM530_HW/src/system_func.o
                0x20000498                glBuzzerCounter

.bss.gw1msCounter
                0x2000049c        0x4 load address 0x08009664
 .bss.gw1msCounter
                0x2000049c        0x4 CM530_HW/src/system_func.o
                0x2000049c                gw1msCounter

.bss.glCountdownCounter
                0x200004a0        0x4 load address 0x08009668
 .bss.glCountdownCounter
                0x200004a0        0x4 CM530_HW/src/system_func.o
                0x200004a0                glCountdownCounter

.bss.glDelayCounter
                0x200004a4        0x4 load address 0x0800966c
 .bss.glDelayCounter
                0x200004a4        0x4 CM530_HW/src/system_func.o
                0x200004a4                glDelayCounter

.bss.ReBootToBootLoader
                0x200004a8        0x2 load address 0x08009670
 .bss.ReBootToBootLoader
                0x200004a8        0x1 CM530_HW/src/system_init.o
 .bss.ReBootToBootLoader
                0x200004a9        0x1 CM530_HW/src/usart.o

.bss.gbPcuWrite
                0x200004aa        0x2 load address 0x08009672
 .bss.gbPcuWrite
                0x200004aa        0x2 CM530_HW/src/usart.o

.bss.gbpDxlBuffer
                0x200004ac      0x400 load address 0x08009674
 .bss.gbpDxlBuffer
                0x200004ac      0x400 CM530_HW/src/usart.o

.bss.gbpZigBuffer
                0x200008ac      0x400 load address 0x08009a74
 .bss.gbpZigBuffer
                0x200008ac      0x400 CM530_HW/src/usart.o

.bss.gbPcuRead  0x20000cac        0x2 load address 0x08009e74
 .bss.gbPcuRead
                0x20000cac        0x2 CM530_HW/src/usart.o

.bss.gbZigRead  0x20000cae        0x1 load address 0x08009e76
 .bss.gbZigRead
                0x20000cae        0x1 CM530_HW/src/usart.o

.bss.gbpPcuBuffer
                0x20000caf       0x21 load address 0x08009e77
 .bss.gbpPcuBuffer
                0x20000caf       0x21 CM530_HW/src/usart.o

.bss.gbZigWrite
                0x20000cd0        0x1 load address 0x08009e98
 .bss.gbZigWrite
                0x20000cd0        0x1 CM530_HW/src/usart.o

.bss.gbDxlWrite
                0x20000cd2        0x2 load address 0x08009e9a
 .bss.gbDxlWrite
                0x20000cd2        0x2 CM530_HW/src/usart.o

.bss.gbDxlRead  0x20000cd4        0x2 load address 0x08009e9c
 .bss.gbDxlRead
                0x20000cd4        0x2 CM530_HW/src/usart.o

._usr_heap_stack
                0x20000cd6      0x602 load address 0x08009e9e
                0x20000cd8                . = ALIGN (0x8)
 *fill*         0x20000cd6        0x2 
                [!provide]                PROVIDE (end, .)
                0x20000cd8                PROVIDE (_end, .)
                0x20000ed8                . = (. + 0x200)
 *fill*         0x20000cd8      0x200 
                0x200012d8                . = (. + 0x400)
 *fill*         0x20000ed8      0x400 
                0x200012d8                . = ALIGN (0x8)

.b1text
 *(.b1text)
 *(.b1rodata)
 *(.b1rodata*)

.eb0text
 *(.eb0text)
 *(.eb0rodata)
 *(.eb0rodata*)

.eb1text
 *(.eb1text)
 *(.eb1rodata)
 *(.eb1rodata*)

.eb2text
 *(.eb2text)
 *(.eb2rodata)
 *(.eb2rodata*)

.eb3text
 *(.eb3text)
 *(.eb3rodata)
 *(.eb3rodata*)
                0x200012d8                __exidx_start = .
                0x200012d8                __exidx_end = .

/DISCARD/
 libc.a(*)
 libm.a(*)
 libgcc.a(*)

.stab
 *(.stab)

.stabstr
 *(.stabstr)

.stab.excl
 *(.stab.excl)

.stab.exclstr
 *(.stab.exclstr)

.stab.index
 *(.stab.index)

.stab.indexstr
 *(.stab.indexstr)

.comment        0x00000000       0x6e
 *(.comment)
 .comment       0x00000000       0x6e CM530_APP/src/main.o
                                 0x6f (size before relaxing)
 .comment       0x0000006e       0x6f CM530_APP/src/stm32f10x_it.o
 .comment       0x0000006e       0x6f CM530_APP/src/BioloidEx.o
 .comment       0x0000006e       0x6f CM530_APP/src/serial.o
 .comment       0x0000006e       0x6f CM530_APP/src/dynamixel.o
 .comment       0x0000006e       0x6f CM530_APP/src/zigbee.o
 .comment       0x0000006e       0x6f CM530_HW/src/adc.o
 .comment       0x0000006e       0x6f CM530_HW/src/mic.o
 .comment       0x0000006e       0x6f CM530_HW/src/system_func.o
 .comment       0x0000006e       0x6f CM530_HW/src/system_init.o
 .comment       0x0000006e       0x6f CM530_HW/src/usart.o
 .comment       0x0000006e       0x6f stm32f10x_lib/libstm32.a(stm32f10x_adc.o)
 .comment       0x0000006e       0x6f stm32f10x_lib/libstm32.a(stm32f10x_flash.o)
 .comment       0x0000006e       0x6f stm32f10x_lib/libstm32.a(stm32f10x_gpio.o)
 .comment       0x0000006e       0x6f stm32f10x_lib/libstm32.a(stm32f10x_nvic.o)
 .comment       0x0000006e       0x6f stm32f10x_lib/libstm32.a(stm32f10x_pwr.o)
 .comment       0x0000006e       0x6f stm32f10x_lib/libstm32.a(stm32f10x_rcc.o)
 .comment       0x0000006e       0x6f stm32f10x_lib/libstm32.a(stm32f10x_systick.o)
 .comment       0x0000006e       0x6f stm32f10x_lib/libstm32.a(stm32f10x_tim.o)
 .comment       0x0000006e       0x6f stm32f10x_lib/libstm32.a(stm32f10x_usart.o)
 .comment       0x0000006e       0x6f stm32f10x_lib/libstm32.a(stm32f10x_vector.o)

.ARM.attributes
                0x00000000       0x31
 .ARM.attributes
                0x00000000       0x16 c:/program files (x86)/gnu tools arm embedded/5.2 2015q4/bin/../lib/gcc/arm-none-eabi/5.2.1/crti.o
 .ARM.attributes
                0x00000016       0x33 CM530_APP/src/main.o
 .ARM.attributes
                0x00000049       0x33 CM530_APP/src/stm32f10x_it.o
 .ARM.attributes
                0x0000007c       0x33 CM530_APP/src/BioloidEx.o
 .ARM.attributes
                0x000000af       0x33 CM530_APP/src/serial.o
 .ARM.attributes
                0x000000e2       0x33 CM530_APP/src/dynamixel.o
 .ARM.attributes
                0x00000115       0x33 CM530_APP/src/zigbee.o
 .ARM.attributes
                0x00000148       0x33 CM530_HW/src/adc.o
 .ARM.attributes
                0x0000017b       0x33 CM530_HW/src/mic.o
 .ARM.attributes
                0x000001ae       0x33 CM530_HW/src/system_func.o
 .ARM.attributes
                0x000001e1       0x33 CM530_HW/src/system_init.o
 .ARM.attributes
                0x00000214       0x33 CM530_HW/src/usart.o
 .ARM.attributes
                0x00000247       0x33 stm32f10x_lib/libstm32.a(stm32f10x_adc.o)
 .ARM.attributes
                0x0000027a       0x33 stm32f10x_lib/libstm32.a(stm32f10x_flash.o)
 .ARM.attributes
                0x000002ad       0x33 stm32f10x_lib/libstm32.a(stm32f10x_gpio.o)
 .ARM.attributes
                0x000002e0       0x33 stm32f10x_lib/libstm32.a(stm32f10x_nvic.o)
 .ARM.attributes
                0x00000313       0x33 stm32f10x_lib/libstm32.a(stm32f10x_pwr.o)
 .ARM.attributes
                0x00000346       0x33 stm32f10x_lib/libstm32.a(stm32f10x_rcc.o)
 .ARM.attributes
                0x00000379       0x33 stm32f10x_lib/libstm32.a(stm32f10x_systick.o)
 .ARM.attributes
                0x000003ac       0x33 stm32f10x_lib/libstm32.a(stm32f10x_tim.o)
 .ARM.attributes
                0x000003df       0x33 stm32f10x_lib/libstm32.a(stm32f10x_usart.o)
 .ARM.attributes
                0x00000412       0x33 stm32f10x_lib/libstm32.a(stm32f10x_vector.o)

.debug
 *(.debug)

.line
 *(.line)

.debug_srcinfo
 *(.debug_srcinfo)

.debug_sfnames
 *(.debug_sfnames)

.debug_aranges  0x00000000     0x1118
 *(.debug_aranges)
 .debug_aranges
                0x00000000      0x1a0 CM530_APP/src/main.o
 .debug_aranges
                0x000001a0       0x68 CM530_APP/src/stm32f10x_it.o
 .debug_aranges
                0x00000208       0xb0 CM530_APP/src/BioloidEx.o
 .debug_aranges
                0x000002b8      0x118 CM530_APP/src/serial.o
 .debug_aranges
                0x000003d0       0xd8 CM530_APP/src/dynamixel.o
 .debug_aranges
                0x000004a8      0x100 CM530_APP/src/zigbee.o
 .debug_aranges
                0x000005a8       0x40 CM530_HW/src/adc.o
 .debug_aranges
                0x000005e8       0x28 CM530_HW/src/mic.o
 .debug_aranges
                0x00000610       0x78 CM530_HW/src/system_func.o
 .debug_aranges
                0x00000688       0x58 CM530_HW/src/system_init.o
 .debug_aranges
                0x000006e0       0xe8 CM530_HW/src/usart.o
 .debug_aranges
                0x000007c8      0x138 stm32f10x_lib/libstm32.a(stm32f10x_adc.o)
 .debug_aranges
                0x00000900       0xd0 stm32f10x_lib/libstm32.a(stm32f10x_flash.o)
 .debug_aranges
                0x000009d0       0xa0 stm32f10x_lib/libstm32.a(stm32f10x_gpio.o)
 .debug_aranges
                0x00000a70      0x108 stm32f10x_lib/libstm32.a(stm32f10x_nvic.o)
 .debug_aranges
                0x00000b78       0x60 stm32f10x_lib/libstm32.a(stm32f10x_pwr.o)
 .debug_aranges
                0x00000bd8      0x118 stm32f10x_lib/libstm32.a(stm32f10x_rcc.o)
 .debug_aranges
                0x00000cf0       0x48 stm32f10x_lib/libstm32.a(stm32f10x_systick.o)
 .debug_aranges
                0x00000d38      0x2d0 stm32f10x_lib/libstm32.a(stm32f10x_tim.o)
 .debug_aranges
                0x00001008       0xf0 stm32f10x_lib/libstm32.a(stm32f10x_usart.o)
 .debug_aranges
                0x000010f8       0x20 stm32f10x_lib/libstm32.a(stm32f10x_vector.o)

.debug_pubnames
 *(.debug_pubnames)

.debug_info     0x00000000    0x10c36
 *(.debug_info .gnu.linkonce.wi.*)
 .debug_info    0x00000000     0x3659 CM530_APP/src/main.o
 .debug_info    0x00003659      0x282 CM530_APP/src/stm32f10x_it.o
 .debug_info    0x000038db     0x1e96 CM530_APP/src/BioloidEx.o
 .debug_info    0x00005771      0xeb9 CM530_APP/src/serial.o
 .debug_info    0x0000662a      0x9b6 CM530_APP/src/dynamixel.o
 .debug_info    0x00006fe0     0x104b CM530_APP/src/zigbee.o
 .debug_info    0x0000802b      0x85a CM530_HW/src/adc.o
 .debug_info    0x00008885      0x2c2 CM530_HW/src/mic.o
 .debug_info    0x00008b47      0x60f CM530_HW/src/system_func.o
 .debug_info    0x00009156     0x12cc CM530_HW/src/system_init.o
 .debug_info    0x0000a422      0xc47 CM530_HW/src/usart.o
 .debug_info    0x0000b069      0xb53 stm32f10x_lib/libstm32.a(stm32f10x_adc.o)
 .debug_info    0x0000bbbc      0x8c3 stm32f10x_lib/libstm32.a(stm32f10x_flash.o)
 .debug_info    0x0000c47f      0x749 stm32f10x_lib/libstm32.a(stm32f10x_gpio.o)
 .debug_info    0x0000cbc8      0x978 stm32f10x_lib/libstm32.a(stm32f10x_nvic.o)
 .debug_info    0x0000d540      0x2cb stm32f10x_lib/libstm32.a(stm32f10x_pwr.o)
 .debug_info    0x0000d80b      0x87d stm32f10x_lib/libstm32.a(stm32f10x_rcc.o)
 .debug_info    0x0000e088      0x213 stm32f10x_lib/libstm32.a(stm32f10x_systick.o)
 .debug_info    0x0000e29b     0x1e81 stm32f10x_lib/libstm32.a(stm32f10x_tim.o)
 .debug_info    0x0001011c      0xa0e stm32f10x_lib/libstm32.a(stm32f10x_usart.o)
 .debug_info    0x00010b2a      0x10c stm32f10x_lib/libstm32.a(stm32f10x_vector.o)

.debug_abbrev   0x00000000     0x2d99
 *(.debug_abbrev)
 .debug_abbrev  0x00000000      0x4b3 CM530_APP/src/main.o
 .debug_abbrev  0x000004b3       0xec CM530_APP/src/stm32f10x_it.o
 .debug_abbrev  0x0000059f      0x36a CM530_APP/src/BioloidEx.o
 .debug_abbrev  0x00000909      0x26d CM530_APP/src/serial.o
 .debug_abbrev  0x00000b76      0x317 CM530_APP/src/dynamixel.o
 .debug_abbrev  0x00000e8d      0x2c1 CM530_APP/src/zigbee.o
 .debug_abbrev  0x0000114e      0x27d CM530_HW/src/adc.o
 .debug_abbrev  0x000013cb      0x10f CM530_HW/src/mic.o
 .debug_abbrev  0x000014da      0x183 CM530_HW/src/system_func.o
 .debug_abbrev  0x0000165d      0x1ff CM530_HW/src/system_init.o
 .debug_abbrev  0x0000185c      0x30a CM530_HW/src/usart.o
 .debug_abbrev  0x00001b66      0x191 stm32f10x_lib/libstm32.a(stm32f10x_adc.o)
 .debug_abbrev  0x00001cf7      0x257 stm32f10x_lib/libstm32.a(stm32f10x_flash.o)
 .debug_abbrev  0x00001f4e      0x1f1 stm32f10x_lib/libstm32.a(stm32f10x_gpio.o)
 .debug_abbrev  0x0000213f      0x242 stm32f10x_lib/libstm32.a(stm32f10x_nvic.o)
 .debug_abbrev  0x00002381      0x16d stm32f10x_lib/libstm32.a(stm32f10x_pwr.o)
 .debug_abbrev  0x000024ee      0x229 stm32f10x_lib/libstm32.a(stm32f10x_rcc.o)
 .debug_abbrev  0x00002717      0x12a stm32f10x_lib/libstm32.a(stm32f10x_systick.o)
 .debug_abbrev  0x00002841      0x2b4 stm32f10x_lib/libstm32.a(stm32f10x_tim.o)
 .debug_abbrev  0x00002af5      0x1d9 stm32f10x_lib/libstm32.a(stm32f10x_usart.o)
 .debug_abbrev  0x00002cce       0xcb stm32f10x_lib/libstm32.a(stm32f10x_vector.o)

.debug_line     0x00000000     0x4b79
 *(.debug_line)
 .debug_line    0x00000000      0xe4f CM530_APP/src/main.o
 .debug_line    0x00000e4f      0x130 CM530_APP/src/stm32f10x_it.o
 .debug_line    0x00000f7f      0x4df CM530_APP/src/BioloidEx.o
 .debug_line    0x0000145e      0x5cc CM530_APP/src/serial.o
 .debug_line    0x00001a2a      0x338 CM530_APP/src/dynamixel.o
 .debug_line    0x00001d62      0x509 CM530_APP/src/zigbee.o
 .debug_line    0x0000226b      0x1a1 CM530_HW/src/adc.o
 .debug_line    0x0000240c       0xd0 CM530_HW/src/mic.o
 .debug_line    0x000024dc      0x1d9 CM530_HW/src/system_func.o
 .debug_line    0x000026b5      0x305 CM530_HW/src/system_init.o
 .debug_line    0x000029ba      0x361 CM530_HW/src/usart.o
 .debug_line    0x00002d1b      0x3c1 stm32f10x_lib/libstm32.a(stm32f10x_adc.o)
 .debug_line    0x000030dc      0x326 stm32f10x_lib/libstm32.a(stm32f10x_flash.o)
 .debug_line    0x00003402      0x24b stm32f10x_lib/libstm32.a(stm32f10x_gpio.o)
 .debug_line    0x0000364d      0x331 stm32f10x_lib/libstm32.a(stm32f10x_nvic.o)
 .debug_line    0x0000397e      0x154 stm32f10x_lib/libstm32.a(stm32f10x_pwr.o)
 .debug_line    0x00003ad2      0x330 stm32f10x_lib/libstm32.a(stm32f10x_rcc.o)
 .debug_line    0x00003e02       0xf6 stm32f10x_lib/libstm32.a(stm32f10x_systick.o)
 .debug_line    0x00003ef8      0x906 stm32f10x_lib/libstm32.a(stm32f10x_tim.o)
 .debug_line    0x000047fe      0x30b stm32f10x_lib/libstm32.a(stm32f10x_usart.o)
 .debug_line    0x00004b09       0x70 stm32f10x_lib/libstm32.a(stm32f10x_vector.o)

.debug_frame    0x00000000     0x2de8
 *(.debug_frame)
 .debug_frame   0x00000000      0x5ec CM530_APP/src/main.o
 .debug_frame   0x000005ec      0x460 CM530_APP/src/stm32f10x_it.o
 .debug_frame   0x00000a4c      0x24c CM530_APP/src/BioloidEx.o
 .debug_frame   0x00000c98      0x338 CM530_APP/src/serial.o
 .debug_frame   0x00000fd0      0x1fc CM530_APP/src/dynamixel.o
 .debug_frame   0x000011cc      0x2e0 CM530_APP/src/zigbee.o
 .debug_frame   0x000014ac       0xa0 CM530_HW/src/adc.o
 .debug_frame   0x0000154c       0x3c CM530_HW/src/mic.o
 .debug_frame   0x00001588      0x110 CM530_HW/src/system_func.o
 .debug_frame   0x00001698      0x104 CM530_HW/src/system_init.o
 .debug_frame   0x0000179c      0x258 CM530_HW/src/usart.o
 .debug_frame   0x000019f4      0x280 stm32f10x_lib/libstm32.a(stm32f10x_adc.o)
 .debug_frame   0x00001c74      0x1f4 stm32f10x_lib/libstm32.a(stm32f10x_flash.o)
 .debug_frame   0x00001e68      0x160 stm32f10x_lib/libstm32.a(stm32f10x_gpio.o)
 .debug_frame   0x00001fc8      0x204 stm32f10x_lib/libstm32.a(stm32f10x_nvic.o)
 .debug_frame   0x000021cc       0xac stm32f10x_lib/libstm32.a(stm32f10x_pwr.o)
 .debug_frame   0x00002278      0x220 stm32f10x_lib/libstm32.a(stm32f10x_rcc.o)
 .debug_frame   0x00002498       0x70 stm32f10x_lib/libstm32.a(stm32f10x_systick.o)
 .debug_frame   0x00002508      0x6b0 stm32f10x_lib/libstm32.a(stm32f10x_tim.o)
 .debug_frame   0x00002bb8      0x200 stm32f10x_lib/libstm32.a(stm32f10x_usart.o)
 .debug_frame   0x00002db8       0x30 stm32f10x_lib/libstm32.a(stm32f10x_vector.o)

.debug_str      0x00000000     0x4db9
 *(.debug_str)
 .debug_str     0x00000000     0x1840 CM530_APP/src/main.o
                               0x1962 (size before relaxing)
 .debug_str     0x00001840      0x130 CM530_APP/src/stm32f10x_it.o
                                0x2c6 (size before relaxing)
 .debug_str     0x00001970      0x2b3 CM530_APP/src/BioloidEx.o
                                0xcbf (size before relaxing)
 .debug_str     0x00001c23      0x2c6 CM530_APP/src/serial.o
                                0x64e (size before relaxing)
 .debug_str     0x00001ee9      0x176 CM530_APP/src/dynamixel.o
                                0x6db (size before relaxing)
 .debug_str     0x0000205f      0x211 CM530_APP/src/zigbee.o
                                0x6a0 (size before relaxing)
 .debug_str     0x00002270      0x1b0 CM530_HW/src/adc.o
                                0x345 (size before relaxing)
 .debug_str     0x00002420       0xf9 CM530_HW/src/mic.o
                                0x25c (size before relaxing)
 .debug_str     0x00002519      0x22a CM530_HW/src/system_func.o
                                0x41e (size before relaxing)
 .debug_str     0x00002743      0x6fa CM530_HW/src/system_init.o
                                0xae6 (size before relaxing)
 .debug_str     0x00002e3d      0x15c CM530_HW/src/usart.o
                                0x594 (size before relaxing)
 .debug_str     0x00002f99      0x3bb stm32f10x_lib/libstm32.a(stm32f10x_adc.o)
                                0x6bb (size before relaxing)
 .debug_str     0x00003354      0x372 stm32f10x_lib/libstm32.a(stm32f10x_flash.o)
                                0x51e (size before relaxing)
 .debug_str     0x000036c6      0x1ba stm32f10x_lib/libstm32.a(stm32f10x_gpio.o)
                                0x493 (size before relaxing)
 .debug_str     0x00003880      0x459 stm32f10x_lib/libstm32.a(stm32f10x_nvic.o)
                                0x6ed (size before relaxing)
 .debug_str     0x00003cd9      0x104 stm32f10x_lib/libstm32.a(stm32f10x_pwr.o)
                                0x284 (size before relaxing)
 .debug_str     0x00003ddd      0x30f stm32f10x_lib/libstm32.a(stm32f10x_rcc.o)
                                0x5c3 (size before relaxing)